2026/04/15 13:05:29 limiting number of VMs from 3 to 1 in debug mode
2026/04/15 13:05:29 serving rpc on tcp://40199
2026/04/15 13:05:29 running command: qemu-system-x86_64 []string{"-m", "12288", "-smp", "5", "-chardev", "socket,id=SOCKSYZ,server=on,wait=off,host=localhost,port=22449", "-mon", "chardev=SOCKSYZ,mode=control", "-display", "none", "-serial", "stdio", "-no-reboot", "-name", "VM-0", "-device", "virtio-rng-pci", "-enable-kvm", "-cpu", "host,migratable=off", "-device", "e1000,netdev=net0", "-netdev", "user,id=net0,restrict=on,hostfwd=tcp:127.0.0.1:59565-:22", "-hda", "/home/dwappner/Desktop/syzkaller/qemu-img/bullseye.img", "-snapshot", "-kernel", "/home/dwappner/Desktop/linux/arch/x86/boot/bzImage", "-append", "root=/dev/sda console=ttyS0 net.ifnames=0"}
2026/04/15 13:05:29 serving http on http://127.0.0.1:56741
[    0.000000] Linux version 6.10.0 (root@f0dc2add0761) (clang version 14.0.6, LLD 14.0.6) #1 SMP PREEMPT_DYNAMIC Wed Apr 15 14:32:16 UTC 2026
[    0.000000] Command line: root=/dev/sda console=ttyS0 net.ifnames=0
[    0.000000] x86/split lock detection: #DB: warning on user-space bus_locks
[    0.000000] BIOS-provided physical RAM map:
[    0.000000] BIOS-e820: [mem 0x0000000000000000-0x000000000009fbff] usable
[    0.000000] BIOS-e820: [mem 0x000000000009fc00-0x000000000009ffff] reserved
[    0.000000] BIOS-e820: [mem 0x00000000000f0000-0x00000000000fffff] reserved
[    0.000000] BIOS-e820: [mem 0x0000000000100000-0x00000000bffdffff] usable
[    0.000000] BIOS-e820: [mem 0x00000000bffe0000-0x00000000bfffffff] reserved
[    0.000000] BIOS-e820: [mem 0x00000000feffc000-0x00000000feffffff] reserved
[    0.000000] BIOS-e820: [mem 0x00000000fffc0000-0x00000000ffffffff] reserved
[    0.000000] BIOS-e820: [mem 0x0000000100000000-0x000000033fffffff] usable
[    0.000000] NX (Execute Disable) protection: active
[    0.000000] APIC: Static calls initialized
[    0.000000] SMBIOS 3.0.0 present.
[    0.000000] DMI: QEMU Ubuntu 24.04 PC v2 (i440FX + PIIX, arch_caps fix, 1996), BIOS 1.16.3-debian-1.16.3-2 04/01/2014
[    0.000000] DMI: Memory slots populated: 1/1
[    0.000000] Hypervisor detected: KVM
[    0.000000] kvm-clock: Using msrs 4b564d01 and 4b564d00
[    0.000000] kvm-clock: using sched offset of 309293114 cycles
[    0.000003] clocksource: kvm-clock: mask: 0xffffffffffffffff max_cycles: 0x1cd42e4dffb, max_idle_ns: 881590591483 ns
[    0.000009] tsc: Detected 3686.400 MHz processor
[    0.001617] last_pfn = 0x340000 max_arch_pfn = 0x400000000
[    0.001640] MTRR map: 4 entries (3 fixed + 1 variable; max 19), built from 8 variable MTRRs
[    0.001645] x86/PAT: Configuration [0-7]: WB  WC  UC- UC  WB  WP  UC- WT  
[    0.001675] last_pfn = 0xbffe0 max_arch_pfn = 0x400000000
[    0.003795] found SMP MP-table at [mem 0x000f5470-0x000f547f]
[    0.003807] Using GB pages for direct mapping
[    0.004586] ACPI: Early table checksum verification disabled
[    0.004590] ACPI: RSDP 0x00000000000F5260 000014 (v00 BOCHS )
[    0.004599] ACPI: RSDT 0x00000000BFFE1DCE 000034 (v01 BOCHS  BXPC     00000001 BXPC 00000001)
[    0.004607] ACPI: FACP 0x00000000BFFE1C62 000074 (v01 BOCHS  BXPC     00000001 BXPC 00000001)
[    0.004614] ACPI: DSDT 0x00000000BFFE0040 001C22 (v01 BOCHS  BXPC     00000001 BXPC 00000001)
[    0.004620] ACPI: FACS 0x00000000BFFE0000 000040
[    0.004624] ACPI: APIC 0x00000000BFFE1CD6 000098 (v03 BOCHS  BXPC     00000001 BXPC 00000001)
[    0.004629] ACPI: HPET 0x00000000BFFE1D6E 000038 (v01 BOCHS  BXPC     00000001 BXPC 00000001)
[    0.004634] ACPI: WAET 0x00000000BFFE1DA6 000028 (v01 BOCHS  BXPC     00000001 BXPC 00000001)
[    0.004639] ACPI: Reserving FACP table memory at [mem 0xbffe1c62-0xbffe1cd5]
[    0.004641] ACPI: Reserving DSDT table memory at [mem 0xbffe0040-0xbffe1c61]
[    0.004643] ACPI: Reserving FACS table memory at [mem 0xbffe0000-0xbffe003f]
[    0.004645] ACPI: Reserving APIC table memory at [mem 0xbffe1cd6-0xbffe1d6d]
[    0.004647] ACPI: Reserving HPET table memory at [mem 0xbffe1d6e-0xbffe1da5]
[    0.004650] ACPI: Reserving WAET table memory at [mem 0xbffe1da6-0xbffe1dcd]
[    0.004841] No NUMA configuration found
[    0.004843] Faking a node at [mem 0x0000000000000000-0x000000033fffffff]
[    0.004847] NODE_DATA(0) allocated [mem 0x33fffa000-0x33fffdfff]
[    0.033452] Zone ranges:
[    0.033459]   DMA      [mem 0x0000000000001000-0x0000000000ffffff]
[    0.033465]   DMA32    [mem 0x0000000001000000-0x00000000ffffffff]
[    0.033468]   Normal   [mem 0x0000000100000000-0x000000033fffffff]
[    0.033472] Movable zone start for each node
[    0.033473] Early memory node ranges
[    0.033474]   node   0: [mem 0x0000000000001000-0x000000000009efff]
[    0.033477]   node   0: [mem 0x0000000000100000-0x00000000bffdffff]
[    0.033480]   node   0: [mem 0x0000000100000000-0x000000033fffffff]
[    0.033484] Initmem setup node 0 [mem 0x0000000000001000-0x000000033fffffff]
[    0.033497] On node 0, zone DMA: 1 pages in unavailable ranges
[    0.033589] On node 0, zone DMA: 97 pages in unavailable ranges
[    0.099314] On node 0, zone Normal: 32 pages in unavailable ranges
[    0.324112] kasan: KernelAddressSanitizer initialized
[    0.324405] ACPI: PM-Timer IO Port: 0x608
[    0.324420] ACPI: LAPIC_NMI (acpi_id[0xff] dfl dfl lint[0x1])
[    0.324458] IOAPIC[0]: apic_id 0, version 17, address 0xfec00000, GSI 0-23
[    0.324464] ACPI: INT_SRC_OVR (bus 0 bus_irq 0 global_irq 2 dfl dfl)
[    0.324467] ACPI: INT_SRC_OVR (bus 0 bus_irq 5 global_irq 5 high level)
[    0.324470] ACPI: INT_SRC_OVR (bus 0 bus_irq 9 global_irq 9 high level)
[    0.324472] ACPI: INT_SRC_OVR (bus 0 bus_irq 10 global_irq 10 high level)
[    0.324475] ACPI: INT_SRC_OVR (bus 0 bus_irq 11 global_irq 11 high level)
[    0.324481] ACPI: Using ACPI (MADT) for SMP configuration information
[    0.324483] ACPI: HPET id: 0x8086a201 base: 0xfed00000
[    0.324488] TSC deadline timer available
[    0.324491] CPU topo: Max. logical packages:   1
[    0.324493] CPU topo: Max. logical dies:       1
[    0.324494] CPU topo: Max. dies per package:   1
[    0.324497] CPU topo: Max. threads per core:   1
[    0.324499] CPU topo: Num. cores per package:     5
[    0.324500] CPU topo: Num. threads per package:   5
[    0.324501] CPU topo: Allowing 5 present CPUs plus 0 hotplug CPUs
[    0.324524] kvm-guest: APIC: eoi() replaced with kvm_guest_apic_eoi_write()
[    0.324540] kvm-guest: KVM setup pv remote TLB flush
[    0.324543] kvm-guest: setup PV sched yield
[    0.324560] PM: hibernation: Registered nosave memory: [mem 0x00000000-0x00000fff]
[    0.324563] PM: hibernation: Registered nosave memory: [mem 0x0009f000-0x0009ffff]
[    0.324565] PM: hibernation: Registered nosave memory: [mem 0x000a0000-0x000effff]
[    0.324567] PM: hibernation: Registered nosave memory: [mem 0x000f0000-0x000fffff]
[    0.324570] PM: hibernation: Registered nosave memory: [mem 0xbffe0000-0xbfffffff]
[    0.324572] PM: hibernation: Registered nosave memory: [mem 0xc0000000-0xfeffbfff]
[    0.324574] PM: hibernation: Registered nosave memory: [mem 0xfeffc000-0xfeffffff]
[    0.324576] PM: hibernation: Registered nosave memory: [mem 0xff000000-0xfffbffff]
[    0.324578] PM: hibernation: Registered nosave memory: [mem 0xfffc0000-0xffffffff]
[    0.324581] [mem 0xc0000000-0xfeffbfff] available for PCI devices
[    0.324584] Booting paravirtualized kernel on KVM
[    0.324587] clocksource: refined-jiffies: mask: 0xffffffff max_cycles: 0xffffffff, max_idle_ns: 1910969940391419 ns
[    0.341988] setup_percpu: NR_CPUS:64 nr_cpumask_bits:5 nr_cpu_ids:5 nr_node_ids:1
[    0.342696] percpu: Embedded 71 pages/cpu s249952 r8192 d32672 u1048576
[    0.342762] Kernel command line: root=/dev/sda console=ttyS0 net.ifnames=0
[    0.342840] random: crng init done
[    0.344415] Dentry cache hash table entries: 2097152 (order: 12, 16777216 bytes, linear)
[    0.345212] Inode-cache hash table entries: 1048576 (order: 11, 8388608 bytes, linear)
[    0.345395] Fallback order for Node 0: 0 
[    0.345400] Built 1 zonelists, mobility grouping on.  Total pages: 3145598
[    0.345402] Policy zone: Normal
[    0.345406] mem auto-init: stack:all(zero), heap alloc:off, heap free:off
[    0.345409] stackdepot: allocating hash table via alloc_large_system_hash
[    0.345414] stackdepot hash table entries: 1048576 (order: 12, 16777216 bytes, linear)
[    0.346966] software IO TLB: area num 8.
[    0.557869] Memory: 10578580K/12582392K available (59392K kernel code, 9819K rwdata, 11076K rodata, 2340K init, 17040K bss, 2003556K reserved, 0K cma-reserved)
[    0.558265] SLUB: HWalign=64, Order=0-3, MinObjects=0, CPUs=5, Nodes=1
[    0.560123] Dynamic Preempt: voluntary
[    0.561043] Running RCU self tests
[    0.561045] Running RCU synchronous self tests
[    0.561062] rcu: Preemptible hierarchical RCU implementation.
[    0.561063] rcu: 	RCU event tracing is enabled.
[    0.561065] rcu: 	RCU lockdep checking is enabled.
[    0.561066] rcu: 	RCU restricting CPUs from NR_CPUS=64 to nr_cpu_ids=5.
[    0.561069] 	Trampoline variant of Tasks RCU enabled.
[    0.561070] rcu: RCU calculated value of scheduler-enlistment delay is 100 jiffies.
[    0.561073] rcu: Adjusting geometry for rcu_fanout_leaf=16, nr_cpu_ids=5
[    0.561186] Running RCU synchronous self tests
[    0.561189] RCU Tasks: Setting shift to 3 and lim to 1 rcu_task_cb_adjust=1.
[    0.606533] NR_IRQS: 4352, nr_irqs: 464, preallocated irqs: 16
[    0.607129] rcu: srcu_init: Setting srcu_struct sizes based on contention.
[    0.611317] Console: colour VGA+ 80x25
[    0.611386] printk: legacy console [ttyS0] enabled
[    0.697971] Lock dependency validator: Copyright (c) 2006 Red Hat, Inc., Ingo Molnar
[    0.698838] ... MAX_LOCKDEP_SUBCLASSES:  8
[    0.699307] ... MAX_LOCK_DEPTH:          48
[    0.699804] ... MAX_LOCKDEP_KEYS:        8192
[    0.700282] ... CLASSHASH_SIZE:          4096
[    0.700756] ... MAX_LOCKDEP_ENTRIES:     32768
[    0.701264] ... MAX_LOCKDEP_CHAINS:      65536
[    0.701785] ... CHAINHASH_SIZE:          32768
[    0.702309]  memory used by lock dependency info: 6429 kB
[    0.702956]  memory used for stack traces: 4224 kB
[    0.703548]  per task-struct memory footprint: 1920 bytes
[    0.704436] ACPI: Core revision 20240322
[    0.706138] clocksource: hpet: mask: 0xffffffff max_cycles: 0xffffffff, max_idle_ns: 19112604467 ns
[    0.707529] APIC: Switch to symmetric I/O mode setup
[    0.708132] kvm-guest: APIC: send_IPI_mask() replaced with kvm_send_ipi_mask()
[    0.709060] kvm-guest: APIC: send_IPI_mask_allbutself() replaced with kvm_send_ipi_mask_allbutself()
[    0.710137] kvm-guest: setup PV IPIs
[    0.712185] ..TIMER: vector=0x30 apic1=0 pin1=2 apic2=-1 pin2=-1
[    0.712855] clocksource: tsc-early: mask: 0xffffffffffffffff max_cycles: 0x6a464ae9873, max_idle_ns: 881590529744 ns
[    0.714066] Calibrating delay loop (skipped) preset value.. 7372.80 BogoMIPS (lpj=3686400)
[    0.715170] x86/cpu: User Mode Instruction Prevention (UMIP) activated
[    0.716211] Last level iTLB entries: 4KB 0, 2MB 0, 4MB 0
[    0.717050] Last level dTLB entries: 4KB 0, 2MB 0, 4MB 0, 1GB 0
[    0.718061] Spectre V1 : Mitigation: usercopy/swapgs barriers and __user pointer sanitization
[    0.719055] Spectre V2 : Mitigation: Enhanced / Automatic IBRS
[    0.719733] Spectre V2 : Spectre v2 / SpectreRSB mitigation: Filling RSB on context switch
[    0.720053] Spectre V2 : mitigation: Enabling conditional Indirect Branch Prediction Barrier
[    0.721051] Speculative Store Bypass: Mitigation: Speculative Store Bypass disabled via prctl
[    0.722081] x86/fpu: Supporting XSAVE feature 0x001: 'x87 floating point registers'
[    0.723050] x86/fpu: Supporting XSAVE feature 0x002: 'SSE registers'
[    0.724050] x86/fpu: Supporting XSAVE feature 0x004: 'AVX registers'
[    0.725050] x86/fpu: Supporting XSAVE feature 0x200: 'Protection Keys User registers'
[    0.725969] x86/fpu: xstate_offset[2]:  576, xstate_sizes[2]:  256
[    0.726050] x86/fpu: xstate_offset[9]:  832, xstate_sizes[9]:    8
[    0.727050] x86/fpu: Enabled xstate features 0x207, context size is 840 bytes, using 'compacted' format.
[    0.751786] Freeing SMP alternatives memory: 48K
[    0.752053] pid_max: default: 32768 minimum: 301
[    0.753308] LSM: initializing lsm=capability,selinux
[    0.753977] SELinux:  Initializing.
[    0.755225] Mount-cache hash table entries: 32768 (order: 6, 262144 bytes, linear)
[    0.756083] Mountpoint-cache hash table entries: 32768 (order: 6, 262144 bytes, linear)
[    0.760835] Running RCU synchronous self tests
[    0.761053] Running RCU synchronous self tests
[    0.762315] smpboot: CPU0: Intel(R) Core(TM) Ultra 9 285H (family: 0x6, model: 0xc5, stepping: 0x2)
[    0.764408] Running RCU Tasks wait API self tests
[    0.764997] Performance Events: unsupported p6 CPU model 197 no PMU driver, software events only.
[    0.765111] signal: max sigframe size: 3632
[    0.765880] rcu: Hierarchical SRCU implementation.
[    0.766053] rcu: 	Max phase no-delay instances is 400.
[    0.770827] NMI watchdog: Perf NMI watchdog permanently disabled
[    0.771749] smp: Bringing up secondary CPUs ...
[    0.772996] smpboot: x86: Booting SMP configuration:
[    0.773081] .... node  #0, CPUs:      #1 #2 #3 #4
[    0.777206] smp: Brought up 1 node, 5 CPUs
[    0.778484] smpboot: Total of 5 processors activated (36864.00 BogoMIPS)
[    0.785068] devtmpfs: initialized
[    0.794740] Running RCU synchronous self tests
[    0.795064] Running RCU synchronous self tests
[    0.795615] clocksource: jiffies: mask: 0xffffffff max_cycles: 0xffffffff, max_idle_ns: 1911260446275000 ns
[    0.796069] futex hash table entries: 2048 (order: 6, 262144 bytes, linear)
[    0.798611] PM: RTC time: 16:05:30, date: 2026-04-15
[    0.800524] NET: Registered PF_NETLINK/PF_ROUTE protocol family
[    0.804139] audit: initializing netlink subsys (disabled)
[    0.805137] audit: type=2000 audit(1776269130.778:1): state=initialized audit_enabled=0 res=1
[    0.807215] thermal_sys: Registered thermal governor 'step_wise'
[    0.807220] thermal_sys: Registered thermal governor 'user_space'
[    0.808115] cpuidle: using governor menu
[    0.810868] PCI: Using configuration type 1 for base access
[    0.811350] kprobes: kprobe jump-optimization is enabled. All kprobes are optimized if possible.
[    0.814065] HugeTLB: registered 2.00 MiB page size, pre-allocated 0 pages
[    0.814875] HugeTLB: 28 KiB vmemmap can be freed for a 2.00 MiB page
[    0.816221] Demotion targets for Node 0: null
[    0.818813] ACPI: Added _OSI(Module Device)
[    0.819060] ACPI: Added _OSI(Processor Device)
[    0.819605] ACPI: Added _OSI(3.0 _SCP Extensions)
[    0.820056] ACPI: Added _OSI(Processor Aggregator Device)
[    0.899998] ACPI: 1 ACPI AML tables successfully acquired and loaded
[    0.906576] ACPI: _OSC evaluation for CPUs failed, trying _PDC
[    0.917007] ACPI: Interpreter enabled
[    0.917457] ACPI: PM: (supports S0 S3 S4 S5)
[    0.918070] ACPI: Using IOAPIC for interrupt routing
[    0.919064] PCI: Using host bridge windows from ACPI; if necessary, use "pci=nocrs" and report a bug
[    0.920441] PCI: Using E820 reservations for host bridge windows
[    0.926576] ACPI: Enabled 2 GPEs in block 00 to 0F
[    1.060040] ACPI: PCI Root Bridge [PCI0] (domain 0000 [bus 00-ff])
[    1.060734] acpi PNP0A03:00: _OSC: OS supports [ASPM ClockPM Segments MSI HPX-Type3]
[    1.061054] acpi PNP0A03:00: _OSC: not requesting OS control; OS requires [ExtendedConfig ASPM ClockPM MSI]
[    1.062567] acpi PNP0A03:00: fail to add MMCONFIG information, can't access extended configuration space under this bridge
[    1.064738] PCI host bridge to bus 0000:00
[    1.065657] pci_bus 0000:00: root bus resource [io  0x0000-0x0cf7 window]
[    1.066066] pci_bus 0000:00: root bus resource [io  0x0d00-0xffff window]
[    1.066800] pci_bus 0000:00: root bus resource [mem 0x000a0000-0x000bffff window]
[    1.067065] pci_bus 0000:00: root bus resource [mem 0xc0000000-0xfebfffff window]
[    1.067920] pci_bus 0000:00: root bus resource [mem 0x380000000000-0x38007fffffff window]
[    1.068072] pci_bus 0000:00: root bus resource [bus 00-ff]
[    1.069156] pci 0000:00:00.0: [8086:1237] type 00 class 0x060000 conventional PCI endpoint
[    1.075053] pci 0000:00:01.0: [8086:7000] type 00 class 0x060100 conventional PCI endpoint
[    1.079366] pci 0000:00:01.1: [8086:7010] type 00 class 0x010180 conventional PCI endpoint
[    1.081624] pci 0000:00:01.1: BAR 4 [io  0xc060-0xc06f]
[    1.082789] pci 0000:00:01.1: BAR 0 [io  0x01f0-0x01f7]: legacy IDE quirk
[    1.083053] pci 0000:00:01.1: BAR 1 [io  0x03f6]: legacy IDE quirk
[    1.083747] pci 0000:00:01.1: BAR 2 [io  0x0170-0x0177]: legacy IDE quirk
[    1.084052] pci 0000:00:01.1: BAR 3 [io  0x0376]: legacy IDE quirk
[    1.087987] pci 0000:00:01.3: [8086:7113] type 00 class 0x068000 conventional PCI endpoint
[    1.089342] pci 0000:00:01.3: quirk: [io  0x0600-0x063f] claimed by PIIX4 ACPI
[    1.090066] pci 0000:00:01.3: quirk: [io  0x0700-0x070f] claimed by PIIX4 SMB
[    1.094207] pci 0000:00:02.0: [1234:1111] type 00 class 0x030000 conventional PCI endpoint
[    1.096526] pci 0000:00:02.0: BAR 0 [mem 0xfd000000-0xfdffffff pref]
[    1.100074] pci 0000:00:02.0: BAR 2 [mem 0xfebb0000-0xfebb0fff]
[    1.104062] pci 0000:00:02.0: ROM [mem 0xfeba0000-0xfebaffff pref]
[    1.104952] pci 0000:00:02.0: Video device with shadowed ROM at [mem 0x000c0000-0x000dffff]
[    1.108099] pci 0000:00:03.0: [1af4:1005] type 00 class 0x00ff00 conventional PCI endpoint
[    1.109514] pci 0000:00:03.0: BAR 0 [io  0xc040-0xc05f]
[    1.110447] pci 0000:00:03.0: BAR 1 [mem 0xfebb1000-0xfebb1fff]
[    1.113058] pci 0000:00:03.0: BAR 4 [mem 0x380000000000-0x380000003fff 64bit pref]
[    1.160830] pci 0000:00:04.0: [8086:100e] type 00 class 0x020000 conventional PCI endpoint
[    1.162484] pci 0000:00:04.0: BAR 0 [mem 0xfeb80000-0xfeb9ffff]
[    1.163820] pci 0000:00:04.0: BAR 1 [io  0xc000-0xc03f]
[    1.167401] pci 0000:00:04.0: ROM [mem 0xfeb00000-0xfeb7ffff pref]
[    1.226907] ACPI: PCI: Interrupt link LNKA configured for IRQ 10
[    1.231547] ACPI: PCI: Interrupt link LNKB configured for IRQ 10
[    1.237152] ACPI: PCI: Interrupt link LNKC configured for IRQ 11
[    1.242031] ACPI: PCI: Interrupt link LNKD configured for IRQ 11
[    1.243538] ACPI: PCI: Interrupt link LNKS configured for IRQ 9
[    1.262656] iommu: Default domain type: Translated
[    1.263053] iommu: DMA domain TLB invalidation policy: lazy mode
[    1.266921] SCSI subsystem initialized
[    1.268631] ACPI: bus type USB registered
[    1.269465] usbcore: registered new interface driver usbfs
[    1.271232] usbcore: registered new interface driver hub
[    1.272111] usbcore: registered new device driver usb
[    1.273232] pps_core: LinuxPPS API ver. 1 registered
[    1.273875] pps_core: Software ver. 5.3.6 - Copyright 2005-2007 Rodolfo Giometti <giometti@linux.it>
[    1.274137] PTP clock support registered
[    1.276359] Advanced Linux Sound Architecture Driver Initialized.
[    1.280274] NetLabel: Initializing
[    1.280619] NetLabel:  domain hash size = 128
[    1.281150] NetLabel:  protocols = UNLABELED CIPSOv4 CALIPSO
[    1.282233] NetLabel:  unlabeled traffic allowed by default
[    1.283499] PCI: Using ACPI for IRQ routing
[    1.284535] pci 0000:00:02.0: vgaarb: setting as boot VGA device
[    1.284924] pci 0000:00:02.0: vgaarb: bridge control possible
[    1.285048] pci 0000:00:02.0: vgaarb: VGA device added: decodes=io+mem,owns=io+mem,locks=none
[    1.285092] vgaarb: loaded
[    1.286048] hpet0: at MMIO 0xfed00000, IRQs 2, 8, 0
[    1.286665] hpet0: 3 comparators, 64-bit 100.000000 MHz counter
[    1.292797] clocksource: Switched to clocksource kvm-clock
[    1.296033] VFS: Disk quotas dquot_6.6.0
[    1.296670] VFS: Dquot-cache hash table entries: 512 (order 0, 4096 bytes)
[    1.301383] pnp: PnP ACPI init
[    1.314192] pnp: PnP ACPI: found 6 devices
[    1.333084] Callback from call_rcu_tasks() invoked.
[    1.352989] clocksource: acpi_pm: mask: 0xffffff max_cycles: 0xffffff, max_idle_ns: 2085701024 ns
[    1.354371] NET: Registered PF_INET protocol family
[    1.355420] IP idents hash table entries: 262144 (order: 9, 2097152 bytes, linear)
[    1.359928] tcp_listen_portaddr_hash hash table entries: 8192 (order: 7, 589824 bytes, linear)
[    1.361147] Table-perturb hash table entries: 65536 (order: 6, 262144 bytes, linear)
[    1.362172] TCP established hash table entries: 131072 (order: 8, 1048576 bytes, linear)
[    1.363540] TCP bind hash table entries: 65536 (order: 11, 9437184 bytes, vmalloc hugepage)
[    1.367531] TCP: Hash tables configured (established 131072 bind 65536)
[    1.368886] UDP hash table entries: 8192 (order: 8, 1310720 bytes, linear)
[    1.370279] UDP-Lite hash table entries: 8192 (order: 8, 1310720 bytes, linear)
[    1.372940] NET: Registered PF_UNIX/PF_LOCAL protocol family
[    1.376313] RPC: Registered named UNIX socket transport module.
[    1.376829] RPC: Registered udp transport module.
[    1.377205] RPC: Registered tcp transport module.
[    1.377658] RPC: Registered tcp-with-tls transport module.
[    1.378194] RPC: Registered tcp NFSv4.1 backchannel transport module.
[    1.380505] pci_bus 0000:00: resource 4 [io  0x0000-0x0cf7 window]
[    1.381173] pci_bus 0000:00: resource 5 [io  0x0d00-0xffff window]
[    1.381842] pci_bus 0000:00: resource 6 [mem 0x000a0000-0x000bffff window]
[    1.382681] pci_bus 0000:00: resource 7 [mem 0xc0000000-0xfebfffff window]
[    1.383431] pci_bus 0000:00: resource 8 [mem 0x380000000000-0x38007fffffff window]
[    1.385238] pci 0000:00:01.0: PIIX3: Enabling Passive Release
[    1.385829] pci 0000:00:00.0: Limiting direct PCI/PCI transfers
[    1.386543] PCI: CLS 0 bytes, default 64
[    1.387132] PCI-DMA: Using software bounce buffering for IO (SWIOTLB)
[    1.387835] software IO TLB: mapped [mem 0x00000000bbfe0000-0x00000000bffe0000] (64MB)
[    1.389485] RAPL PMU: API unit is 2^-32 Joules, 0 fixed counters, 10737418240 ms ovfl timer
[    1.390340] clocksource: tsc: mask: 0xffffffffffffffff max_cycles: 0x6a464ae9873, max_idle_ns: 881590529744 ns
[    1.391757] clocksource: Switched to clocksource tsc
[    1.423192] Initialise system trusted keyrings
[    1.424462] workingset: timestamp_bits=40 max_order=22 bucket_order=0
[    1.430974] NFS: Registering the id_resolver key type
[    1.431588] Key type id_resolver registered
[    1.432129] Key type id_legacy registered
[    1.433806] 9p: Installing v9fs 9p2000 file system support
[    1.446670] Key type asymmetric registered
[    1.447157] Asymmetric key parser 'x509' registered
[    1.448038] Block layer SCSI generic (bsg) driver version 0.4 loaded (major 251)
[    1.449176] io scheduler mq-deadline registered
[    1.449761] io scheduler kyber registered
[    1.452986] input: Power Button as /devices/LNXSYSTM:00/LNXPWRBN:00/input/input0
[    1.454666] ACPI: button: Power Button [PWRF]
[    4.237830] ACPI: \_SB_.LNKC: Enabled at IRQ 11
[    4.242699] Serial: 8250/16550 driver, 4 ports, IRQ sharing enabled
[    4.244679] 00:04: ttyS0 at I/O 0x3f8 (irq = 4, base_baud = 115200) is a 16550A
[    4.254321] Non-volatile memory driver v1.3
[    4.254725] Linux agpgart interface v0.103
[    4.255891] ACPI: bus type drm_connector registered
[    4.292754] loop: module loaded
[    4.301397] scsi host0: ata_piix
[    4.305152] scsi host1: ata_piix
[    4.306389] ata1: PATA max MWDMA2 cmd 0x1f0 ctl 0x3f6 bmdma 0xc060 irq 14 lpm-pol 0
[    4.307158] ata2: PATA max MWDMA2 cmd 0x170 ctl 0x376 bmdma 0xc068 irq 15 lpm-pol 0
[    4.312658] e100: Intel(R) PRO/100 Network Driver
[    4.313081] e100: Copyright(c) 1999-2006 Intel Corporation
[    4.313693] e1000: Intel(R) PRO/1000 Network Driver
[    4.314204] e1000: Copyright (c) 1999-2006 Intel Corporation.
[    4.461205] ata1: found unknown device (class 0)
[    4.462165] ata1.00: ATA-7: QEMU HARDDISK, 2.5+, max UDMA/100
[    4.462774] ata1.00: 4194304 sectors, multi 16: LBA48 
[    4.465742] scsi 0:0:0:0: Direct-Access     ATA      QEMU HARDDISK    2.5+ PQ: 0 ANSI: 5
[    4.469850] ata2: found unknown device (class 0)
[    4.470983] ata2.00: ATAPI: QEMU DVD-ROM, 2.5+, max UDMA/100
[    4.471812] sd 0:0:0:0: Attached scsi generic sg0 type 0
[    4.473590] sd 0:0:0:0: [sda] 4194304 512-byte logical blocks: (2.15 GB/2.00 GiB)
[    4.475899] sd 0:0:0:0: [sda] Write Protect is off
[    4.476986] sd 0:0:0:0: [sda] Write cache: enabled, read cache: enabled, doesn't support DPO or FUA
[    4.478711] scsi 1:0:0:0: CD-ROM            QEMU     QEMU DVD-ROM     2.5+ PQ: 0 ANSI: 5
[    4.479236] sd 0:0:0:0: [sda] Preferred minimum I/O size 512 bytes
[    4.494100] sd 0:0:0:0: [sda] Attached SCSI disk
[    4.519979] sr 1:0:0:0: [sr0] scsi3-mmc drive: 4x/4x cd/rw xa/form2 tray
[    4.520823] cdrom: Uniform CD-ROM driver Revision: 3.20
[    4.538900] sr 1:0:0:0: Attached scsi generic sg1 type 5
[    7.267443] ACPI: \_SB_.LNKD: Enabled at IRQ 10
[    7.570585] e1000 0000:00:04.0 eth0: (PCI:33MHz:32-bit) 52:54:00:12:34:56
[    7.571182] e1000 0000:00:04.0 eth0: Intel(R) PRO/1000 Network Connection
[    7.572033] e1000e: Intel(R) PRO/1000 Network Driver
[    7.572510] e1000e: Copyright(c) 1999 - 2015 Intel Corporation.
[    7.573357] sky2: driver version 1.30
[    7.576660] usbcore: registered new interface driver usblp
[    7.577317] usbcore: registered new interface driver usb-storage
[    7.578337] i8042: PNP: PS/2 Controller [PNP0303:KBD,PNP0f13:MOU] at 0x60,0x64 irq 1,12
[    7.580828] serio: i8042 KBD port at 0x60,0x64 irq 1
[    7.581385] serio: i8042 AUX port at 0x60,0x64 irq 12
[    7.583750] rtc_cmos 00:05: RTC can wake from S4
[    7.588531] rtc_cmos 00:05: registered as rtc0
[    7.589957] rtc_cmos 00:05: alarms up to one day, y3k, 242 bytes nvram, hpet irqs
[    7.594535] device-mapper: ioctl: 4.48.0-ioctl (2023-03-01) initialised: dm-devel@lists.linux.dev
[    7.596498] intel_pstate: CPU model not supported
[    7.597876] hid: raw HID events driver (C) Jiri Kosina
[    7.602264] usbcore: registered new interface driver usbhid
[    7.603330] usbhid: USB HID core driver
[    7.610726] Initializing XFRM netlink socket
[    7.612266] NET: Registered PF_INET6 protocol family
[    7.619114] Segment Routing with IPv6
[    7.620002] In-situ OAM (IOAM) with IPv6
[    7.621209] sit: IPv6, IPv4 and MPLS over IPv4 tunneling driver
[    7.624807] NET: Registered PF_PACKET protocol family
[    7.626274] 9pnet: Installing 9P2000 support
[    7.627666] Key type dns_resolver registered
[    7.634423] IPI shorthand broadcast: enabled
[    7.741324] sched_clock: Marking stable (7639002885, 101908426)->(7780545556, -39634245)
[    7.745103] Timer migration: 1 hierarchy levels; 8 children per group; 1 crossnode level
[    7.748732] registered taskstats version 1
[    7.749561] Loading compiled-in X.509 certificates
[    7.848180] Demotion targets for Node 0: null
[    7.849988] kmemleak: Kernel memory leak detector initialized (mem pool available: 14055)
[    7.850174] kmemleak: Automatic memory scanning thread started
[    7.853937] PM:   Magic number: 6:325:85
[    7.854531] printk: legacy console [netcon0] enabled
[    7.855140] netconsole: network logging started
[    7.856688] cfg80211: Loading compiled-in X.509 certificates for regulatory database
[    7.858787] kworker/u20:1 (77) used greatest stack depth: 28648 bytes left
[    7.861253] Loaded X.509 cert 'sforshee: 00b28ddf47aef9cea7'
[    7.862827] Loaded X.509 cert 'wens: 61c038651aabdcf94bd0ac7ff06c7248db18c600'
[    7.864384] platform regulatory.0: Direct firmware load for regulatory.db failed with error -2
[    7.865457] cfg80211: failed to load regulatory.db
[    7.866448] ALSA device list:
[    7.866903]   No soundcards found.
[    8.207203] input: ImExPS/2 Generic Explorer Mouse as /devices/platform/i8042/serio1/input/input2
[    8.212283] input: AT Translated Set 2 keyboard as /devices/platform/i8042/serio0/input/input3
[    8.216101] md: Waiting for all devices to be available before autodetect
[    8.216660] md: If you don't use raid, use raid=noautodetect
[    8.217084] md: Autodetecting RAID arrays.
[    8.217441] md: autorun ...
[    8.217665] md: ... autorun DONE.
[    8.235022] EXT4-fs (sda): mounted filesystem 0bcec1b3-eb23-4027-be57-19f5b578f626 ro with ordered data mode. Quota mode: none.
[    8.235953] VFS: Mounted root (ext4 filesystem) readonly on device 8:0.
[    8.240183] devtmpfs: mounted
[    8.242779] Freeing unused kernel image (initmem) memory: 2340K
[    8.243165] Write protecting the kernel read-only data: 71680k
[    8.245571] Freeing unused kernel image (rodata/data gap) memory: 1212K
[    8.280831] x86/mm: Checked W+X mappings: passed, no W+X pages found.
[    8.281267] Run /sbin/init as init process
[    9.451710] SELinux:  Class mctp_socket not defined in policy.
[    9.452155] SELinux:  Class anon_inode not defined in policy.
[    9.452536] SELinux:  Class io_uring not defined in policy.
[    9.452905] SELinux:  Class user_namespace not defined in policy.
[    9.453308] SELinux: the above unknown classes and permissions will be allowed
[    9.549261] SELinux:  policy capability network_peer_controls=1
[    9.549672] SELinux:  policy capability open_perms=1
[    9.550029] SELinux:  policy capability extended_socket_class=1
[    9.550426] SELinux:  policy capability always_check_network=0
[    9.550857] SELinux:  policy capability cgroup_seclabel=1
[    9.551282] SELinux:  policy capability nnp_nosuid_transition=1
[    9.551733] SELinux:  policy capability genfs_seclabel_symlinks=0
[    9.552206] SELinux:  policy capability ioctl_skip_cloexec=0
[    9.552672] SELinux:  policy capability userspace_initial_context=0
2026/04/15 13:05:39 running ssh: []string{"-p", "59565", "-F", "/dev/null", "-o", "UserKnownHostsFile=/dev/null", "-o", "IdentitiesOnly=yes", "-o", "BatchMode=yes", "-o", "StrictHostKeyChecking=no", "-o", "ConnectTimeout=10", "-i", "/home/dwappner/Desktop/syzkaller/qemu-img/bullseye.id_rsa", "-v", "root@localhost", "pwd"}
[    9.595483] audit: type=1403 audit(1776269139.568:2): auid=4294967295 ses=4294967295 lsm=selinux res=1
[    9.602776] systemd[1]: Successfully loaded SELinux policy in 1.223997s.
[    9.734486] systemd[1]: Relabelled /dev, /dev/shm, /run, /sys/fs/cgroup in 21.201ms.
[    9.750885] systemd[1]: systemd 247.3-7+deb11u5 running in system mode. (+PAM +AUDIT +SELINUX +IMA +APPARMOR +SMACK +SYSVINIT +UTMP +LIBCRYPTSETUP +GCRYPT +GNUTLS +ACL +XZ +LZ4 +ZSTD +SECCOMP +BLKID +ELFUTILS +KMOD +IDN2 -IDN +PCRE2 default-hierarchy=unified)
[    9.753530] systemd[1]: Detected virtualization kvm.
[    9.753952] systemd[1]: Detected architecture x86-64.

Welcome to [1mDebian GNU/Linux 11 (bullseye)[0m!

[    9.759805] systemd[1]: Set hostname to <syzkaller>.
[    9.859110] selinuxenabled (91) used greatest stack depth: 26896 bytes left
[    9.877058] systemd-cryptse (87) used greatest stack depth: 26848 bytes left
[    9.881618] systemd-bless-b (86) used greatest stack depth: 26128 bytes left
[    9.941732] selinux-autorel (85) used greatest stack depth: 24928 bytes left
[   10.183508] systemd[1]: Queued start job for default target Graphical Interface.
[   10.184455] systemd[1]: system-getty.slice: unit configures an IP firewall, but the local system does not support BPF/cgroup firewalling.
[   10.185267] systemd[1]: (This warning is only shown for the first unit using IP firewalling.)
[   10.227030] systemd[1]: Created slice system-getty.slice.
[[0;32m  OK  [0m] Created slice [0;1;39msystem-getty.slice[0m.
[   10.235487] systemd[1]: Created slice system-modprobe.slice.
[[0;32m  OK  [0m] Created slice [0;1;39msystem-modprobe.slice[0m.
[   10.245198] systemd[1]: Created slice system-serial\x2dgetty.slice.
[[0;32m  OK  [0m] Created slice [0;1;39msystem-serial\x2dgetty.slice[0m.
[   10.247788] systemd[1]: Started Dispatch Password Requests to Console Directory Watch.
[[0;32m  OK  [0m] Started [0;1;39mDispatch Password …ts to Console Directory Watch[0m.
[   10.249893] systemd[1]: Started Forward Password Requests to Wall Directory Watch.
[[0;32m  OK  [0m] Started [0;1;39mForward Password R…uests to Wall Directory Watch[0m.
[   10.254414] systemd[1]: Set up automount Arbitrary Executable File Formats File System Automount Point.
[[0;32m  OK  [0m] Set up automount [0;1;39mArbitrary…s File System Automount Point[0m.
[   10.256134] systemd[1]: Reached target Local Encrypted Volumes.
[[0;32m  OK  [0m] Reached target [0;1;39mLocal Encrypted Volumes[0m.
[   10.257643] systemd[1]: Reached target Paths.
[[0;32m  OK  [0m] Reached target [0;1;39mPaths[0m.
[   10.258763] systemd[1]: Reached target Remote File Systems.
[[0;32m  OK  [0m] Reached target [0;1;39mRemote File Systems[0m.
[   10.260068] systemd[1]: Reached target Slices.
[[0;32m  OK  [0m] Reached target [0;1;39mSlices[0m.
[   10.261171] systemd[1]: Reached target Swap.
[[0;32m  OK  [0m] Reached target [0;1;39mSwap[0m.
[   10.266625] systemd[1]: Listening on Syslog Socket.
[[0;32m  OK  [0m] Listening on [0;1;39mSyslog Socket[0m.
[   10.268958] systemd[1]: Listening on initctl Compatibility Named Pipe.
[[0;32m  OK  [0m] Listening on [0;1;39minitctl Compatibility Named Pipe[0m.
[   10.273213] systemd[1]: Listening on Journal Audit Socket.
[   10.273645] audit: type=1400 audit(1776269140.246:3): avc:  denied  { audit_read } for  pid=1 comm="systemd" capability=37  scontext=system_u:system_r:kernel_t:s0 tcontext=system_u:system_r:kernel_t:s0 tclass=capability2 permissive=1
[[0;32m  OK  [0m] Listening on [0;1;39mJournal Audit Socket[0m.
[   10.278677] systemd[1]: Listening on Journal Socket (/dev/log).
[[0;32m  OK  [0m] Listening on [0;1;39mJournal Socket (/dev/log)[0m.
[   10.282564] systemd[1]: Listening on Journal Socket.
[[0;32m  OK  [0m] Listening on [0;1;39mJournal Socket[0m.
[   10.288452] systemd[1]: Listening on udev Control Socket.
[[0;32m  OK  [0m] Listening on [0;1;39mudev Control Socket[0m.
[   10.291781] systemd[1]: Listening on udev Kernel Socket.
[[0;32m  OK  [0m] Listening on [0;1;39mudev Kernel Socket[0m.
[   10.293332] systemd[1]: Reached target Sockets.
[[0;32m  OK  [0m] Reached target [0;1;39mSockets[0m.
[   10.334548] systemd[1]: Mounting Huge Pages File System...
         Mounting [0;1;39mHuge Pages File System[0m...
[   10.351955] systemd[1]: Mounting POSIX Message Queue File System...
         Mounting [0;1;39mPOSIX Message Queue File System[0m...
[   10.369195] systemd[1]: Mounting /proc/sys/fs/binfmt_misc...
         Mounting [0;1;39m/proc/sys/fs/binfmt_misc[0m...
[   10.387485] systemd[1]: Mounting /sys/kernel/config...
         Mounting [0;1;39m/sys/kernel/config[0m...
[   10.405051] systemd[1]: Mounting /sys/kernel/debug...
         Mounting [0;1;39m/sys/kernel/debug[0m...
[   10.423009] systemd[1]: Mounting Kernel Trace File System...
         Mounting [0;1;39mKernel Trace File System[0m...
[   10.424509] systemd[1]: Condition check resulted in Create list of static device nodes for the current kernel being skipped.
[   10.442548] systemd[1]: Starting Load Kernel Module fuse...
         Starting [0;1;39mLoad Kernel Module fuse[0m...
[   10.472065] systemd[1]: Starting Journal Service...
         Starting [0;1;39mJournal Service[0m...
[   10.492373] systemd[1]: Starting Load Kernel Modules...
         Starting [0;1;39mLoad Kernel Modules[0m...
[   10.513096] systemd[1]: Starting Remount Root and Kernel File Systems...
         Starting [0;1;39mRemount Root and Kernel File Systems[0m...
[   10.532726] systemd[1]: Starting Coldplug All udev Devices...
         Starting [0;1;39mColdplug All udev Devices[0m...
[   10.547069] systemd[1]: Mounted Huge Pages File System.
[[0;32m  OK  [0m] Mounted [0;1;39mHuge Pages File System[0m.
[   10.549855] systemd[1]: Mounted POSIX Message Queue File System.
[[0;32m  OK  [0m] Mounted [0;1;39mPOSIX Message Queue File System[0m.
[   10.553835] systemd[1]: Mounted /proc/sys/fs/binfmt_misc.
[[0;32m  OK  [0m] Mounted [0;1;39m/proc/sys/fs/binfmt_misc[0m.
[   10.557791] systemd[1]: Mounted /sys/kernel/config.
[[0;32m  OK  [0m] Mounted [0;1;39m/sys/kernel/config[0m.
[   10.561110] systemd[1]: Mounted /sys/kernel/debug.
[[0;32m  OK  [0m] Mounted [0;1;39m/sys/kernel/debug[0m.
[   10.564079] systemd[1]: Mounted Kernel Trace File System.
[[0;32m  OK  [0m] Mounted [0;1;39mKernel Trace File System[0m.
[   10.568790] systemd[1]: modprobe@fuse.service: Succeeded.
[   10.574652] systemd[1]: Finished Load Kernel Module fuse.
[[0;32m  OK  [0m] Finished [0;1;39mLoad Kernel Module fuse[0m.
[   10.584792] systemd[1]: Finished Load Kernel Modules.
[[0;32m  OK  [0m] Finished [0;1;39mLoad Kernel Modules[0m.
[   10.588145] systemd[1]: Condition check resulted in FUSE Control File System being skipped.
[   10.594491] systemd[1]: Condition check resulted in Set Up Additional Binary Formats being skipped.
[   10.629112] EXT4-fs (sda): re-mounted 0bcec1b3-eb23-4027-be57-19f5b578f626 r/w. Quota mode: none.
[   10.633233] systemd[1]: Starting Apply Kernel Variables...
         Starting [0;1;39mApply Kernel Variables[0m...
[   10.659005] systemd[1]: Finished Remount Root and Kernel File Systems.
[[0;32m  OK  [0m] Finished [0;1;39mRemount Root and Kernel File Systems[0m.
[   10.674680] systemd[1]: Condition check resulted in Rebuild Hardware Database being skipped.
[   10.676367] systemd[1]: Condition check resulted in Platform Persistent Storage Archival being skipped.
[   10.726237] systemd[1]: Starting Load/Save Random Seed...
         Starting [0;1;39mLoad/Save Random Seed[0m...
[   10.769841] systemd[1]: Starting Create System Users...
         Starting [0;1;39mCreate System Users[0m...
[   10.776032] systemd[1]: Started Journal Service.
[[0;32m  OK  [0m] Started [0;1;39mJournal Service[0m.
[   10.794135] systemd-random- (117) used greatest stack depth: 24456 bytes left
[[0;32m  OK  [0m] Finished [0;1;39mApply Kernel Variables[0m.
[[0;32m  OK  [0m] Finished [0;1;39mLoad/Save Random Seed[0m.
         Starting [0;1;39mFlush Journal to Persistent Storage[0m...
[   10.872250] systemd-journald[108]: Received client request to flush runtime journal.
[[0;32m  OK  [0m] Finished [0;1;39mFlush Journal to Persistent Storage[0m.
[[0;32m  OK  [0m] Finished [0;1;39mCreate System Users[0m.
         Starting [0;1;39mCreate Static Device Nodes in /dev[0m...
[[0;32m  OK  [0m] Finished [0;1;39mCreate Static Device Nodes in /dev[0m.
[[0;32m  OK  [0m] Reached target [0;1;39mLocal File Systems (Pre)[0m.
[[0;32m  OK  [0m] Reached target [0;1;39mLocal File Systems[0m.
         Starting [0;1;39mCreate Volatile Files and Directories[0m...
         Starting [0;1;39mRule-based Manage…for Device Events and Files[0m...
[[0;32m  OK  [0m] Started [0;1;39mRule-based Manager for Device Events and Files[0m.
[[0;32m  OK  [0m] Finished [0;1;39mCreate Volatile Files and Directories[0m.
         Starting [0;1;39mUpdate UTMP about System Boot/Shutdown[0m...
[[0;32m  OK  [0m] Finished [0;1;39mColdplug All udev Devices[0m.
         Starting [0;1;39mHelper to synchronize boot up for ifupdown[0m...
[[0;32m  OK  [0m] Finished [0;1;39mUpdate UTMP about System Boot/Shutdown[0m.
[[0;32m  OK  [0m] Reached target [0;1;39mSystem Initialization[0m.
[[0;32m  OK  [0m] Started [0;1;39mDaily apt download activities[0m.
[[0;32m  OK  [0m] Started [0;1;39mDaily apt upgrade and clean activities[0m.
[[0;32m  OK  [0m] Started [0;1;39mPeriodic ext4 Onli…ata Check for All Filesystems[0m.
[[0;32m  OK  [0m] Started [0;1;39mDiscard unused blocks once a week[0m.
[[0;32m  OK  [0m] Started [0;1;39mDaily rotation of log files[0m.
[[0;32m  OK  [0m] Started [0;1;39mDaily Cleanup of Temporary Directories[0m.
[[0;32m  OK  [0m] Reached target [0;1;39mBasic System[0m.
[[0;32m  OK  [0m] Reached target [0;1;39mTimers[0m.
[[0;32m  OK  [0m] Started [0;1;39mRegular background program processing daemon[0m.
         Starting [0;1;39mRemove Stale Onli…t4 Metadata Check Snapshots[0m...
         Starting [0;1;39mgetty on tty2-tty…nd logind are not available[0m...
         Starting [0;1;39mSystem Logging Service[0m...
[[0;32m  OK  [0m] Found device [0;1;39m/dev/ttyS0[0m.
[   11.858995] audit: type=1107 audit(1776269141.830:4): pid=1 uid=0 auid=4294967295 ses=4294967295 subj=system_u:system_r:kernel_t:s0 msg='avc:  denied  { start } for auid=n/a uid=0 gid=0 path="/lib/systemd/system/getty@.service" cmdline="" scontext=system_u:system_r:kernel_t:s0 tcontext=system_u:object_r:unlabeled_t:s0 tclass=service permissive=1
[   11.858995]  exe="/usr/lib/systemd/systemd" sauid=0 hostname=? addr=? terminal=?'
[   11.878356] audit: type=1107 audit(1776269141.849:5): pid=1 uid=0 auid=4294967295 ses=4294967295 subj=system_u:system_r:kernel_t:s0 msg='avc:  denied  { status } for auid=n/a uid=0 gid=0 path="/lib/systemd/system/getty@.service" cmdline="" scontext=system_u:system_r:kernel_t:s0 tcontext=system_u:object_r:unlabeled_t:s0 tclass=service permissive=1
[   11.878356]  exe="/usr/lib/systemd/systemd" sauid=0 hostname=? addr=? terminal=?'
[[0;32m  OK  [0m] Listening on [0;1;39mLoad/Save RF …itch Status /dev/rfkill Watch[0m.
[[0;32m  OK  [0m] Finished [0;1;39mgetty on tty2-tty… and logind are not available[0m.
[[0;32m  OK  [0m] Started [0;1;39mSystem Logging Service[0m.
[[0;32m  OK  [0m] Finished [0;1;39mRemove Stale Onli…ext4 Metadata Check Snapshots[0m.
[[0;32m  OK  [0m] Finished [0;1;39mHelper to synchronize boot up for ifupdown[0m.
         Starting [0;1;39mRaise network interfaces[0m...
[   12.198748] e1000: eth0 NIC Link is Up 1000 Mbps Full Duplex, Flow Control: RX
[[0;32m  OK  [0m] Finished [0;1;39mRaise network interfaces[0m.
[[0;32m  OK  [0m] Reached target [0;1;39mNetwork[0m.
         Starting [0;1;39mOpenBSD Secure Shell server[0m...
         Starting [0;1;39mPermit User Sessions[0m...
[[0;32m  OK  [0m] Finished [0;1;39mPermit User Sessions[0m.
[[0;32m  OK  [0m] Started [0;1;39mGetty on tty1[0m.
[[0;32m  OK  [0m] Started [0;1;39mGetty on tty2[0m.
[[0;32m  OK  [0m] Started [0;1;39mGetty on tty3[0m.
[[0;32m  OK  [0m] Started [0;1;39mGetty on tty4[0m.
[[0;32m  OK  [0m] Started [0;1;39mGetty on tty5[0m.
[[0;32m  OK  [0m] Started [0;1;39mGetty on tty6[0m.
[[0;32m  OK  [0m] Started [0;1;39mSerial Getty on ttyS0[0m.
[[0;32m  OK  [0m] Reached target [0;1;39mLogin Prompts[0m.
[[0;32m  OK  [0m] Started [0;1;39mOpenBSD Secure Shell server[0m.
[[0;32m  OK  [0m] Reached target [0;1;39mMulti-User System[0m.
[[0;32m  OK  [0m] Reached target [0;1;39mGraphical Interface[0m.
         Starting [0;1;39mUpdate UTMP about System Runlevel Changes[0m...
[[0;32m  OK  [0m] Finished [0;1;39mUpdate UTMP about System Runlevel Changes[0m.
[   14.006669] audit: type=1400 audit(1776269143.978:6): avc:  denied  { checkpoint_restore } for  pid=218 comm="agetty" capability=40  scontext=system_u:system_r:kernel_t:s0 tcontext=system_u:system_r:kernel_t:s0 tclass=capability2 permissive=1

Debian GNU/Linux 11 syzkaller ttyS0

2026/04/15 13:05:46 running command: scp []string{"-P", "59565", "-F", "/dev/null", "-o", "UserKnownHostsFile=/dev/null", "-o", "IdentitiesOnly=yes", "-o", "BatchMode=yes", "-o", "StrictHostKeyChecking=no", "-o", "ConnectTimeout=10", "-i", "/home/dwappner/Desktop/syzkaller/qemu-img/bullseye.id_rsa", "-v", "/home/dwappner/Desktop/syzkaller/bin/linux_amd64/syz-executor", "root@localhost:/syz-executor"}
2026/04/15 13:05:46 running command: []string{"ssh", "-p", "59565", "-F", "/dev/null", "-o", "UserKnownHostsFile=/dev/null", "-o", "IdentitiesOnly=yes", "-o", "BatchMode=yes", "-o", "StrictHostKeyChecking=no", "-o", "ConnectTimeout=10", "-i", "/home/dwappner/Desktop/syzkaller/qemu-img/bullseye.id_rsa", "-R", "40199:127.0.0.1:40199", "-v", "root@localhost", "cd / && /syz-executor runner 0 localhost 40199"}
OpenSSH_9.6p1 Ubuntu-3ubuntu13.15, OpenSSL 3.0.13 30 Jan 2024
debug1: Reading configuration data /dev/null
debug1: Connecting to localhost [127.0.0.1] port 59565.
debug1: fd 3 clearing O_NONBLOCK
debug1: Connection established.
debug1: identity file /home/dwappner/Desktop/syzkaller/qemu-img/bullseye.id_rsa type 0
debug1: identity file /home/dwappner/Desktop/syzkaller/qemu-img/bullseye.id_rsa-cert type -1
debug1: Local version string SSH-2.0-OpenSSH_9.6p1 Ubuntu-3ubuntu13.15
debug1: Remote protocol version 2.0, remote software version OpenSSH_8.4p1 Debian-5+deb11u3
debug1: compat_banner: match: OpenSSH_8.4p1 Debian-5+deb11u3 pat OpenSSH* compat 0x04000000
debug1: Authenticating to localhost:59565 as 'root'
debug1: load_hostkeys: fopen /etc/ssh/ssh_known_hosts: No such file or directory
debug1: load_hostkeys: fopen /etc/ssh/ssh_known_hosts2: No such file or directory
debug1: SSH2_MSG_KEXINIT sent
debug1: SSH2_MSG_KEXINIT received
debug1: kex: algorithm: curve25519-sha256
debug1: kex: host key algorithm: ssh-ed25519
debug1: kex: server->client cipher: chacha20-poly1305@openssh.com MAC: <implicit> compression: none
debug1: kex: client->server cipher: chacha20-poly1305@openssh.com MAC: <implicit> compression: none
debug1: expecting SSH2_MSG_KEX_ECDH_REPLY
debug1: SSH2_MSG_KEX_ECDH_REPLY received
debug1: Server host key: ssh-ed25519 SHA256:KWzMRUNPUKG/DRaIGjac6oZq+UazL24EIEsZ3czf8fg
debug1: load_hostkeys: fopen /etc/ssh/ssh_known_hosts: No such file or directory
debug1: load_hostkeys: fopen /etc/ssh/ssh_known_hosts2: No such file or directory
debug1: checking without port identifier
debug1: load_hostkeys: fopen /etc/ssh/ssh_known_hosts: No such file or directory
debug1: load_hostkeys: fopen /etc/ssh/ssh_known_hosts2: No such file or directory
Warning: Permanently added '[localhost]:59565' (ED25519) to the list of known hosts.
debug1: ssh_packet_send2_wrapped: resetting send seqnr 3
debug1: rekey out after 134217728 blocks
debug1: SSH2_MSG_NEWKEYS sent
debug1: expecting SSH2_MSG_NEWKEYS
debug1: ssh_packet_read_poll2: resetting read seqnr 3
debug1: SSH2_MSG_NEWKEYS received
debug1: rekey in after 134217728 blocks
debug1: SSH2_MSG_EXT_INFO received
debug1: kex_ext_info_client_parse: server-sig-algs=<ssh-ed25519,sk-ssh-ed25519@openssh.com,ssh-rsa,rsa-sha2-256,rsa-sha2-512,ssh-dss,ecdsa-sha2-nistp256,ecdsa-sha2-nistp384,ecdsa-sha2-nistp521,sk-ecdsa-sha2-nistp256@openssh.com,webauthn-sk-ecdsa-sha2-nistp256@openssh.com>
debug1: SSH2_MSG_SERVICE_ACCEPT received
debug1: Authentications that can continue: publickey,password
debug1: Next authentication method: publickey
debug1: get_agent_identities: bound agent to hostkey
debug1: get_agent_identities: agent returned 1 keys
debug1: Will attempt key: /home/dwappner/Desktop/syzkaller/qemu-img/bullseye.id_rsa RSA SHA256:18QeCRGODM2x2LdG0hV3XxyrseoUiQmPyxWqgycODC4 explicit
debug1: Offering public key: /home/dwappner/Desktop/syzkaller/qemu-img/bullseye.id_rsa RSA SHA256:18QeCRGODM2x2LdG0hV3XxyrseoUiQmPyxWqgycODC4 explicit
debug1: Server accepts key: /home/dwappner/Desktop/syzkaller/qemu-img/bullseye.id_rsa RSA SHA256:18QeCRGODM2x2LdG0hV3XxyrseoUiQmPyxWqgycODC4 explicit
Authenticated to localhost ([127.0.0.1]:59565) using "publickey".
debug1: Remote connections from LOCALHOST:40199 forwarded to local address 127.0.0.1:40199
debug1: channel 0: new session [client-session] (inactive timeout: 0)
debug1: Requesting no-more-sessions@openssh.com
debug1: Entering interactive session.
debug1: pledge: network
debug1: client_input_global_request: rtype hostkeys-00@openssh.com want_reply 0
debug1: Remote: /root/.ssh/authorized_keys:1: key options: agent-forwarding port-forwarding pty user-rc x11-forwarding
debug1: Remote: /root/.ssh/authorized_keys:1: key options: agent-forwarding port-forwarding pty user-rc x11-forwarding
debug1: remote forward success for: listen 40199, connect 127.0.0.1:40199
debug1: Sending command: cd / && /syz-executor runner 0 localhost 40199
debug1: pledge: network
debug1: client_input_channel_open: ctype forwarded-tcpip rchan 3 win 2097152 max 32768
debug1: client_request_forwarded_tcpip: listen localhost port 40199, originator 127.0.0.1 port 39744
debug1: connect_next: start for host 127.0.0.1 ([127.0.0.1]:40199)
debug1: connect_next: connect host 127.0.0.1 ([127.0.0.1]:40199) in progress, fd=4
debug1: channel 1: new forwarded-tcpip [127.0.0.1] (inactive timeout: 0)
debug1: confirm forwarded-tcpip
debug1: channel 1: connected to 127.0.0.1 port 40199
connected to manager: procs=1 cover_edges=1 kernel_64_bit=1 slowdown=1 syscall_timeout=50 program_timeout=5000 features=0xffffffffffffffff
reading file /proc/cpuinfo: size=7300 exists=1 error=
reading file /proc/modules: size=0 exists=1 error=
reading file /proc/kallsyms: size=7645953 exists=1 error=
glob /sys/module/*/sections/.text resolved to 0 files
glob /sys/module/kvm*/parameters/* resolved to 0 files
reading file /proc/version: size=128 exists=1 error=
reading file /proc/filesystems: size=375 exists=1 error=
reading file /sys/kernel/security/lsm: size=18 exists=1 error=
write to /proc/sys/net/core/bpf_jit_kallsyms failed: No such file or directory
write to /proc/sys/net/core/bpf_jit_harden failed: No such file or directory
syzkaller login: [   17.317238] cgroup: Unknown subsys name 'net'
mount(/syzcgroup/net, net) failed: 22
mount(/syzcgroup/net, blkio) failed: 16
[   17.377537] cgroup: Unknown subsys name 'rlimit'
mount(/syzcgroup/cpu, rlimit) failed: 22
mount(/syzcgroup/cpu, memory) failed: 16
setting up feature DelayKcovMmap
setting up feature KcovResetIoctl
failed: kernel does not support ioctl(KCOV_RESET_TRACE)
setting up feature Fault
setting up feature Leak
[   17.446070] kmemleak: Automatic memory scanning thread ended
setting up feature KCSAN
failed: write(/sys/kernel/debug/kcsan, on) failed
setting up feature USBEmulation
failed: failed to chmod /dev/raw-gadget
setting up feature LRWPANEmulation
netlink: failed to get family id for nl802154: No such file or directory
failed: netlink_query_family_id failed
setting up feature BinFmtMisc
setting up feature Swap
mkswap ./swap-file
Setting up swapspace version 1, size = 122.1 MiB (127995904 bytes)
no label, UUID=758e6c5f-62b8-49f7-8fd9-c5f3929119b3
[   25.455215] Adding 124996k swap on ./swap-file.  Priority:0 extents:1 across:124996k 
setting up feature NicVF
failed: PCI device 0000:00:11.0 is not available
setting up feature DevlinkPCI
failed: PCI device 0000:00:10.0 is not available
received info reply: covfilter=0
recv exec request 1: type=0 flags=0x0 env=0x11 exec=0x0 size=13
proc 0: handshaking to execute request 1
recv exec request 2: type=0 flags=0x0 env=0x11 exec=0x0 size=967
[   25.789356] audit: type=1400 audit(1776269155.762:7): avc:  denied  { execmem } for  pid=251 comm="syz-executor" scontext=system_u:system_r:kernel_t:s0 tcontext=system_u:system_r:kernel_t:s0 tclass=process permissive=1
proc 0: got output: spawned loop pid 252
proc 0: got output: pivot_root OK
proc 0: got output: mount of gadgetfs at /dev/gadgetfs failed: 19
proc 0: got output: mount of binder at /dev/binderfs failed: 19
proc 0: got output: mount(fusectl) failed: 2
proc 0: got handshake reply
proc 0: start executing request 1
proc 0: got output: [36ms] exec opts: reqid=1 type=0 procid=0 threaded=0 cover=0 comps=0 dedup=0 signal=0  sandbox=1/0/0/0 timeouts=50/5000/1 kernel_64_bit=1
recv exec request 3: type=0 flags=0x0 env=0x11 exec=0x0 size=14
proc 0: got output: spawned worker pid 2
proc 0: got output: #0 [38ms] -> arch_prctl$ARCH_ENABLE_TAGGED_ADDR(0x4002, 0x0)
proc 0: got output: #0 [38ms] <- arch_prctl$ARCH_ENABLE_TAGGED_ADDR=0xffffffffffffffff errno=22
proc 0: got execute reply
handle completion: completed=1 output_size=262144
proc 0: start executing request 2
proc 0: got output: [40ms] exec opts: reqid=2 type=0 procid=0 threaded=0 cover=0 comps=0 dedup=0 signal=0  sandbox=1/0/0/0 timeouts=50/5000/1 kernel_64_bit=1
proc 0: got output: spawned worker pid 3
proc 0: got output: #0 [42ms] -> syz_open_dev$usbfs(0x200000000040, 0x0, 0x0)
proc 0: got output: #0 [43ms] <- syz_open_dev$usbfs=0xffffffffffffffff errno=2
proc 0: got output: #0 [43ms] -> syz_open_dev$usbfs(0x200000000080, 0x0, 0x1
proc 0: got output: )
proc 0: got output: #0 [43ms] <- syz_open_dev$usbfs=0xffffffffffffffff errno=2
#0 [43ms] -> syz_open_dev$usbfs(0x2000000000c0
proc 0: got output: , 0x0, 0x2)
proc 0: got output: #0 [43ms] <- syz_open_dev$usbfs=0xffffffffffffffff errno=2
#0 [43ms] -> syz_open_dev$usbfs(
proc 0: got output: 0x200000000100, 0x0, 
proc 0: got output: 0x800)
proc 0: got output: #0 [43ms] <- syz_open_dev$usbfs=0xffffffffffffffff errno=2
#0 [43ms] -> syz_open_dev$usbfs(
proc 0: got output: 0x200000000140, 0xa, 
proc 0: got output: 0x0)
proc 0: got output: #0 [43ms] <- syz_open_dev$usbfs=0xffffffffffffffff errno=2
#0 [43ms] -> syz_open_dev$usbfs(
proc 0: got output: 0x200000000180, 0xa, 
proc 0: got output: 0x1)
proc 0: got output: #0 [43ms] <- syz_open_dev$usbfs=0xffffffffffffffff errno=2
#0 [43ms] -> syz_open_dev$usbfs(
proc 0: got output: 0x2000000001c0, 0xa, 
proc 0: got output: 0x2)
proc 0: got output: #0 [44ms] <- syz_open_dev$usbfs=0xffffffffffffffff errno=2
proc 0: got output: #0 [44ms] -> syz_open_dev$usbfs(0x200000000200, 0xa, 0x800
proc 0: got output: )
proc 0: got output: #0 [44ms] <- syz_open_dev$usbfs=0xffffffffffffffff errno=2
#0 [44ms] -> syz_open_dev$usbfs(
proc 0: got output: 0x200000000240, 0x14, 
proc 0: got output: 0x0)
proc 0: got output: #0 [44ms] <- syz_open_dev$usbfs=0xffffffffffffffff errno=2
#0 [44ms] -> syz_open_dev$usbfs(
proc 0: got output: 0x200000000280, 0x14, 
proc 0: got output: 0x1)
proc 0: got output: #0 [44ms] <- syz_open_dev$usbfs=0xffffffffffffffff errno=2
#0 [44ms] -> syz_open_dev$usbfs(
proc 0: got output: 0x2000000002c0, 0x14, 
proc 0: got output: 0x2)
proc 0: got output: #0 [44ms] <- syz_open_dev$usbfs=0xffffffffffffffff errno=2
#0 [44ms] -> syz_open_dev$usbfs(
proc 0: got output: 0x200000000300, 0x14, 
proc 0: got output: 0x800)
proc 0: got output: #0 [44ms] <- syz_open_dev$usbfs=0xffffffffffffffff errno=2
#0 [44ms] -> syz_open_dev$usbfs(
proc 0: got output: 0x200000000340, 0x1e, 
proc 0: got output: 0x0)
proc 0: got output: #0 [44ms] <- syz_open_dev$usbfs=0xffffffffffffffff errno=2
#0 [44ms] -> syz_open_dev$usbfs(
proc 0: got output: 0x200000000380, 0x1e, 
proc 0: got output: 0x1)
proc 0: got output: #0 [44ms] <- syz_open_dev$usbfs=0xffffffffffffffff errno=2
#0 [44ms] -> syz_open_dev$usbfs(
proc 0: got output: 0x2000000003c0, 0x1e, 
proc 0: got output: 0x2)
proc 0: got output: #0 [45ms] <- syz_open_dev$usbfs=0xffffffffffffffff errno=2
#0 [45ms] -> syz_open_dev$usbfs(
proc 0: got output: 0x200000000400, 0x1e, 
proc 0: got output: 0x800)
proc 0: got output: #0 [45ms] <- syz_open_dev$usbfs=0xffffffffffffffff errno=2
#0 [45ms] -> syz_open_dev$usbfs(
proc 0: got output: 0x200000000440, 0x28, 
proc 0: got output: 0x0)
proc 0: got output: #0 [45ms] <- syz_open_dev$usbfs=0xffffffffffffffff errno=2
#0 [45ms] -> syz_open_dev$usbfs(0x200000000480, 0x28
proc 0: got output: , 0x1)
proc 0: got output: #0 [45ms] <- syz_open_dev$usbfs=0xffffffffffffffff errno=2
#0 [45ms] -> syz_open_dev$usbfs(
proc 0: got output: 0x2000000004c0, 0x28, 
proc 0: got output: 0x2)
proc 0: got output: #0 [45ms] <- syz_open_dev$usbfs=0xffffffffffffffff errno=2
#0 [45ms] -> syz_open_dev$usbfs(
proc 0: got output: 0x200000000500, 0x28, 0x800)
proc 0: got output: #0 [45ms] <- syz_open_dev$usbfs=0xffffffffffffffff errno=2
proc 0: got execute reply
handle completion: completed=20 output_size=262144
proc 0: start executing request 3
proc 0: got output: [53ms] exec opts: reqid=3 type=0 procid=0 threaded=0 cover=0 comps=0 dedup=0 signal=0  sandbox=1/0/0/0 timeouts=50/5000/1 kernel_64_bit=1
proc 0: got output: spawned worker pid 4
proc 0: got output: #0 [56ms] -> ioctl(0xffffffffffffffff, 0x0
proc 0: got output: , 0x200000000000)
#0 [56ms] <- ioctl=0xffffffffffffffff errno=9
proc 0: got execute reply
handle completion: completed=1 output_size=262144
recv exec request 4: type=0 flags=0x0 env=0x11 exec=0x0 size=26
proc 0: start executing request 4
recv exec request 5: type=0 flags=0x0 env=0x11 exec=0x0 size=14
proc 0: got output: [84ms] exec opts: reqid=4 type=0 procid=0 threaded=0 cover=0 comps=0 dedup=0 signal=0  sandbox=1/0/0/0 timeouts=50/5000/1 kernel_64_bit=1
recv exec request 6: type=0 flags=0x0 env=0x11 exec=0x0 size=58
proc 0: got output: spawned worker pid 5
proc 0: got output: #0 [88ms] -> accept4(0xffffffffffffffff
proc 0: got output: , 0x0, 0x200000000000, 
proc 0: got output: 0x0)
proc 0: got output: #0 [88ms] <- accept4=0xffffffffffffffff
proc 0: got output:  errno=9
proc 0: got execute reply
handle completion: completed=1 output_size=262144
proc 0: start executing request 5
proc 0: got output: [90ms] exec opts: reqid=5 type=0 procid=0 threaded=0 cover=0 comps=0 dedup=0 signal=0  sandbox=1/0/0/0 timeouts=50/5000/1 kernel_64_bit=1
proc 0: got output: spawned worker pid 6
proc 0: got output: #0 [92ms] -> write(0xffffffffffffffff, 0x200000000000, 0x0)
#0 [92ms] <- write=0xffffffffffffffff errno=9
proc 0: got execute reply
handle completion: completed=1 output_size=262144
proc 0: start executing request 6
proc 0: got output: [94ms] exec opts: reqid=6 type=0 procid=0 threaded=0 cover=0 comps=0 dedup=0 signal=0  sandbox=1/0/0/0 timeouts=50/5000/1 kernel_64_bit=1
proc 0: got output: spawned worker pid 7
proc 0: got output: #0 [97ms] -> sendmsg(0xffffffffffffffff, 0x200000000000, 0x0)
#0 [97ms] <- sendmsg=0xffffffffffffffff errno=9
proc 0: got execute reply
handle completion: completed=1 output_size=262144
recv exec request 7: type=0 flags=0x0 env=0x11 exec=0x0 size=24
proc 0: start executing request 7
recv exec request 8: type=0 flags=0x0 env=0x11 exec=0x0 size=18
proc 0: got output: [134ms] exec opts: reqid=7 type=0 procid=0 threaded=0 cover=0 comps=0 dedup=0 signal=0  sandbox=1/0/0/0 timeouts=50/5000/1 kernel_64_bit=1
proc 0: got output: spawned worker pid 8
recv exec request 9: type=0 flags=0x0 env=0x11 exec=0x0 size=167
proc 0: got output: #0 [137ms] -> getsockopt(0xffffffffffffffff
proc 0: got output: , 0x0, 0x0, 
proc 0: got output: 0x200000000000, 
proc 0: got output: 0x200000000000)
proc 0: got output: #0 [137ms] <- getsockopt=0xffffffffffffffff errno=9
proc 0: got output: 
proc 0: got execute reply
handle completion: completed=1 output_size=262144
proc 0: start executing request 8
proc 0: got output: [139ms] exec opts: reqid=8 type=0 procid=0 threaded=0 cover=0 comps=0 dedup=0 signal=0  sandbox=1/0/0/0 timeouts=50/5000/1 kernel_64_bit=1
proc 0: got output: spawned worker pid 9
proc 0: got output: #0 [141ms] -> getpeername(0xffffffffffffffff, 0x200000000000, 0x200000000000
proc 0: got output: )
#0 [141ms] <- getpeername=0xffffffffffffffff errno=9
proc 0: got execute reply
handle completion: completed=1 output_size=262144
proc 0: start executing request 9
proc 0: got output: [143ms] exec opts: reqid=9 type=0 procid=0 threaded=0 cover=0 comps=0 dedup=0 signal=0  sandbox=1/0/0/0 timeouts=50/5000/1 kernel_64_bit=1
proc 0: got output: spawned worker pid 10
proc 0: got output: #0 [146ms] -> openat(0xffffffffffffff9c, 0x200000000040, 
proc 0: got output: 0x0, 0x0)
proc 0: got output: #0 [146ms] <- openat=0xffffffffffffffff errno=2
proc 0: got output: #0 [146ms] -> openat(0xffffffffffffff9c, 0x200000000080
proc 0: got output: , 0x1, 
proc 0: got output: 0x0)
proc 0: got output: #0 [146ms] <- openat=0xffffffffffffffff errno=2
#0 [146ms] -> openat(0xffffffffffffff9c
proc 0: got output: , 0x2000000000c0, 0x2
proc 0: got output: , 0x0
proc 0: got output: )
proc 0: got output: #0 [147ms] <- openat=0xffffffffffffffff errno=2
#0 [147ms] -> openat(0xffffffffffffff9c, 0x200000000100, 0x800, 0x0)
proc 0: got output: #0 [147ms] <- openat=0xffffffffffffffff errno=2
proc 0: got execute reply
handle completion: completed=4 output_size=262144
recv exec request 10: type=0 flags=0x0 env=0x11 exec=0x0 size=20
proc 0: start executing request 10
recv exec request 11: type=0 flags=0x0 env=0x11 exec=0x0 size=12
proc 0: got output: [183ms] exec opts: reqid=10 type=0 procid=0 threaded=0 cover=0 comps=0 dedup=0 signal=0  sandbox=1/0/0/0 timeouts=50/5000/1 kernel_64_bit=1
recv exec request 12: type=0 flags=0x0 env=0x11 exec=0x0 size=15
proc 0: got output: spawned worker pid 11
proc 0: got output: #0 [185ms] -> setsockopt(0xffffffffffffffff, 0x0, 
proc 0: got output: 0x0, 0x200000000000, 0x0)
proc 0: got output: #0 [185ms] <- setsockopt=0xffffffffffffffff errno=9
proc 0: got execute reply
handle completion: completed=1 output_size=262144
proc 0: start executing request 11
proc 0: got output: [188ms] exec opts: reqid=11 type=0 procid=0 threaded=0 cover=0 comps=0 dedup=0 signal=0  sandbox=1/0/0/0 timeouts=50/5000/1 kernel_64_bit=1
proc 0: got output: spawned worker pid 12
proc 0: got output: #0 [191ms] -> listen(0xffffffffffffffff, 0x0)
#0 [191ms] <- listen=0xffffffffffffffff errno=9
proc 0: got execute reply
handle completion: completed=1 output_size=262144
proc 0: start executing request 12
proc 0: got output: [193ms] exec opts: reqid=12 type=0 procid=0 threaded=0 cover=0 comps=0 dedup=0 signal=0  sandbox=1/0/0/0 timeouts=50/5000/1 kernel_64_bit=1
proc 0: got output: spawned worker pid 13
proc 0: got output: #0 [195ms] -> fcntl$F_GET_FILE_RW_HINT(0xffffffffffffffff, 0x40d, 0x200000000000)
#0 [196ms] <- fcntl$F_GET_FILE_RW_HINT=0xffffffffffffffff errno=9
proc 0: got execute reply
handle completion: completed=1 output_size=262144
recv exec request 13: type=0 flags=0x0 env=0x11 exec=0x0 size=175
proc 0: start executing request 13
recv exec request 14: type=0 flags=0x0 env=0x11 exec=0x0 size=15
proc 0: got output: [231ms] exec opts: reqid=13 type=0 procid=0 threaded=0 cover=0 comps=0 dedup=0 signal=0  sandbox=1/0/0/0 timeouts=50/5000/1 kernel_64_bit=1
proc 0: got output: spawned worker pid 14
recv exec request 15: type=0 flags=0x0 env=0x11 exec=0x0 size=14
proc 0: got output: #0 [234ms] -> openat(0xffffffffffffff9c, 
proc 0: got output: 0x200000000040, 0x0, 0x0)
proc 0: got output: #0 [234ms] <- openat=0xffffffffffffffff errno=2
proc 0: got output: #0 [234ms] -> openat(0xffffffffffffff9c, 0x200000000080, 
proc 0: got output: 0x1, 0x0)
proc 0: got output: #0 [234ms] <- openat=0xffffffffffffffff errno=2
#0 [234ms] -> openat(0xffffffffffffff9c
proc 0: got output: , 0x2000000000c0, 0x2, 0x0
proc 0: got output: )
proc 0: got output: #0 [234ms] <- openat=0xffffffffffffffff errno=2
#0 [234ms] -> openat(
proc 0: got output: 0xffffffffffffff9c, 0x200000000100, 0x800, 
proc 0: got output: 0x0)
proc 0: got output: #0 [234ms] <- openat=0xffffffffffffffff errno=2
proc 0: got execute reply
handle completion: completed=4 output_size=262144
proc 0: start executing request 14
proc 0: got output: [236ms] exec opts: reqid=14 type=0 procid=0 threaded=0 cover=0 comps=0 dedup=0 signal=0  sandbox=1/0/0/0 timeouts=50/5000/1 kernel_64_bit=1
proc 0: got output: spawned worker pid 15
proc 0: got output: #0 [239ms] -> socket$can_bcm(0x1d, 0x2, 0x2)
proc 0: got output: #0 [250ms] <- socket$can_bcm=0xffffffffffffffff errno=97
proc 0: got execute reply
handle completion: completed=1 output_size=262144
proc 0: start executing request 15
proc 0: got output: [252ms] exec opts: reqid=15 type=0 procid=0 threaded=0 cover=0 comps=0 dedup=0 signal=0  sandbox=1/0/0/0 timeouts=50/5000/1 kernel_64_bit=1
proc 0: got output: spawned worker pid 16
proc 0: got output: #0 [254ms] -> keyctl$KEYCTL_CAPABILITIES(0x1f, 0x200000000000, 0x0)
proc 0: got output: #0 [254ms] <- keyctl$KEYCTL_CAPABILITIES=0x2
proc 0: got execute reply
handle completion: completed=1 output_size=262144
recv exec request 16: type=0 flags=0x0 env=0x11 exec=0x0 size=159
proc 0: start executing request 16
recv exec request 17: type=0 flags=0x0 env=0x11 exec=0x0 size=42
proc 0: got output: [280ms] exec opts: reqid=16 type=0 procid=0 threaded=0 cover=0 comps=0 dedup=0 signal=0  sandbox=1/0/0/0 timeouts=50/5000/1 kernel_64_bit=1
proc 0: got output: spawned worker pid 17
recv exec request 18: type=0 flags=0x0 env=0x11 exec=0x0 size=12
proc 0: got output: #0 [283ms] -> openat(0xffffffffffffff9c, 0x200000000040, 0x0, 0x0)
proc 0: got output: #0 [283ms] <- openat=0xffffffffffffffff errno=2
proc 0: got output: #0 [283ms] -> openat(0xffffffffffffff9c, 0x200000000080
proc 0: got output: , 0x1, 0x0)
proc 0: got output: #0 [283ms] <- openat=0xffffffffffffffff errno=2
#0 [283ms] -> openat(0xffffffffffffff9c, 0x2000000000c0, 0x2, 0x0
proc 0: got output: )
proc 0: got output: #0 [283ms] <- openat=0xffffffffffffffff errno=2
#0 [283ms] -> openat(0xffffffffffffff9c, 0x200000000100, 0x800, 
proc 0: got output: 0x0)
proc 0: got output: #0 [283ms] <- openat=0xffffffffffffffff errno=2
proc 0: got execute reply
handle completion: completed=4 output_size=262144
proc 0: start executing request 17
proc 0: got output: [285ms] exec opts: reqid=17 type=0 procid=0 threaded=0 cover=0 comps=0 dedup=0 signal=0  sandbox=1/0/0/0 timeouts=50/5000/1 kernel_64_bit=1
proc 0: got output: spawned worker pid 18
proc 0: got output: #0 [287ms] -> openat(0xffffffffffffff9c, 0x200000000040, 0x2, 0x0)
proc 0: got output: #0 [287ms] <- openat=0xffffffffffffffff errno=2
proc 0: got execute reply
handle completion: completed=1 output_size=262144
proc 0: start executing request 18
proc 0: got output: [288ms] exec opts: reqid=18 type=0 procid=0 threaded=0 cover=0 comps=0 dedup=0 signal=0  sandbox=1/0/0/0 timeouts=50/5000/1 kernel_64_bit=1
proc 0: got output: spawned worker pid 19
proc 0: got output: #0 [291ms] -> ptrace(0x0, 0x0)
proc 0: got output: #0 [291ms] <- ptrace=0x0
proc 0: got execute reply
handle completion: completed=1 output_size=262144
recv exec request 19: type=0 flags=0x0 env=0x11 exec=0x0 size=11
proc 0: start executing request 19
recv exec request 20: type=0 flags=0x0 env=0x11 exec=0x0 size=28
proc 0: got output: [328ms] exec opts: reqid=19 type=0 procid=0 threaded=0 cover=0 comps=0 dedup=0 signal=0  sandbox=1/0/0/0 timeouts=50/5000/1 kernel_64_bit=1
recv exec request 21: type=0 flags=0x0 env=0x11 exec=0x0 size=36
proc 0: got output: spawned worker pid 20
proc 0: got output: #0 [332ms] -> memfd_create(0x200000000000, 0x0)
proc 0: got output: #0 [332ms] <- memfd_create=0x3
proc 0: got execute reply
handle completion: completed=1 output_size=262144
proc 0: start executing request 20
proc 0: got output: [334ms] exec opts: reqid=20 type=0 procid=0 threaded=0 cover=0 comps=0 dedup=0 signal=0  sandbox=1/0/0/0 timeouts=50/5000/1 kernel_64_bit=1
proc 0: got output: spawned worker pid 21
proc 0: got output: #0 [339ms] -> recvfrom(0xffffffffffffffff, 0x200000000000, 0x0, 0x0, 0x0, 
proc 0: got output: 0x0)
#0 [339ms] <- recvfrom=0xffffffffffffffff errno=9
proc 0: got execute reply
handle completion: completed=1 output_size=262144
proc 0: start executing request 21
proc 0: got output: [343ms] exec opts: reqid=21 type=0 procid=0 threaded=0 cover=0 comps=0 dedup=0 signal=0  sandbox=1/0/0/0 timeouts=50/5000/1 kernel_64_bit=1
proc 0: got output: spawned worker pid 22
proc 0: got output: #0 [351ms] -> set_robust_list(0x200000000000, 0x0)
proc 0: got output: #0 [351ms] <- set_robust_list=0xffffffffffffffff errno=22
proc 0: got execute reply
handle completion: completed=1 output_size=262144
recv exec request 22: type=0 flags=0x0 env=0x11 exec=0x0 size=19
proc 0: start executing request 22
recv exec request 23: type=0 flags=0x0 env=0x11 exec=0x0 size=179
proc 0: got output: [380ms] exec opts: reqid=22 type=0 procid=0 threaded=0 cover=0 comps=0 dedup=0 signal=0  sandbox=1/0/0/0 timeouts=50/5000/1 kernel_64_bit=1
proc 0: got output: spawned worker pid 23
proc 0: got output: #0 [382ms] -> bpf$BPF_BTF_GET_FD_BY_ID(0x13, 0x200000000000, 0x0)
proc 0: got output: #0 [383ms] <- bpf$BPF_BTF_GET_FD_BY_ID=0xffffffffffffffff errno=38
recv exec request 24: type=0 flags=0x0 env=0x11 exec=0x0 size=17
proc 0: got execute reply
handle completion: completed=1 output_size=262144
proc 0: start executing request 23
proc 0: got output: [385ms] exec opts: reqid=23 type=0 procid=0 threaded=0 cover=0 comps=0 dedup=0 signal=0  sandbox=1/0/0/0 timeouts=50/5000/1 kernel_64_bit=1
proc 0: got output: spawned worker pid 24
proc 0: got output: #0 [387ms] -> openat(0xffffffffffffff9c, 0x200000000040, 0x0, 0x0)
#0 [387ms] <- openat=0xffffffffffffffff errno=2
#0 [387ms] -> openat(0xffffffffffffff9c, 0x200000000080, 0x1, 0x0)
#0 [387ms] <- openat=0xffffffffffffffff errno=2
#0 [387ms] -> openat(0xffffffffffffff9c, 0x2000000000c0, 0x2, 0x0)
#0 [387ms] <- openat=0xffffffffffffffff errno=2
#0 [387ms] -> openat(0xffffffffffffff9c, 0x200000000100, 0x800, 0x0)
proc 0: got output: #0 [387ms] <- openat=0xffffffffffffffff errno=2
proc 0: got execute reply
handle completion: completed=4 output_size=262144
proc 0: start executing request 24
proc 0: got output: [389ms] exec opts: reqid=24 type=0 procid=0 threaded=0 cover=0 comps=0 dedup=0 signal=0  sandbox=1/0/0/0 timeouts=50/5000/1 kernel_64_bit=1
proc 0: got output: spawned worker pid 25
proc 0: got output: #0 [395ms] -> sendmmsg(0xffffffffffffffff, 0x200000000000, 0x0, 0x0)
#0 [395ms] <- sendmmsg=0xffffffffffffffff
proc 0: got output:  errno=9
proc 0: got execute reply
handle completion: completed=1 output_size=262144
recv exec request 25: type=0 flags=0x0 env=0x11 exec=0x0 size=21
proc 0: start executing request 25
recv exec request 26: type=0 flags=0x0 env=0x11 exec=0x0 size=47
proc 0: got output: [428ms] exec opts: reqid=25 type=0 procid=0 threaded=0 cover=0 comps=0 dedup=0 signal=0  sandbox=1/0/0/0 timeouts=50/5000/1 kernel_64_bit=1
proc 0: got output: spawned worker pid 26
recv exec request 27: type=0 flags=0x0 env=0x11 exec=0x0 size=199
proc 0: got output: #0 [432ms] -> prctl$0(0x0
proc 0: got output: , 0x0, 
proc 0: got output: 0x0, 
proc 0: got output: 0x0, 
proc 0: got output: 0x0)
proc 0: got output: #0 [433ms] <- prctl$0=0xffffffffffffffff errno=22
proc 0: got output: 
proc 0: got execute reply
handle completion: completed=1 output_size=262144
proc 0: start executing request 26
proc 0: got output: [437ms] exec opts: reqid=26 type=0 procid=0 threaded=0 cover=0 comps=0 dedup=0 signal=0  sandbox=1/0/0/0 timeouts=50/5000/1 kernel_64_bit=1
proc 0: got output: spawned worker pid 27
proc 0: got output: #0 [441ms] -> openat(0xffffffffffffff9c, 0x200000000040, 0x2, 0x0)
#0 [441ms] <- openat=0xffffffffffffffff errno=2
proc 0: got execute reply
handle completion: completed=1 output_size=262144
proc 0: start executing request 27
proc 0: got output: [444ms] exec opts: reqid=27 type=0 procid=0 threaded=0 cover=0 comps=0 dedup=0 signal=0  sandbox=1/0/0/0 timeouts=50/5000/1 kernel_64_bit=1
proc 0: got output: spawned worker pid 28
proc 0: got output: #0 [448ms] -> openat(0xffffffffffffff9c, 0x200000000040, 0x0, 0x0)
#0 [448ms] <- openat=0xffffffffffffffff errno=2
#0 [448ms] -> openat(0xffffffffffffff9c, 0x200000000080, 0x1, 0x0)
proc 0: got output: #0 [448ms] <- openat=0xffffffffffffffff errno=2
#0 [448ms] -> openat(0xffffffffffffff9c, 0x2000000000c0, 0x2, 0x0)
proc 0: got output: #0 [448ms] <- openat=0xffffffffffffffff errno=2
#0 [448ms] -> openat(0xffffffffffffff9c, 0x200000000100, 0x800, 0x0)
#0 [449ms] <- openat=0xffffffffffffffff errno=2
proc 0: got execute reply
handle completion: completed=4 output_size=262144
recv exec request 28: type=0 flags=0x0 env=0x11 exec=0x0 size=28
proc 0: start executing request 28
recv exec request 29: type=0 flags=0x0 env=0x11 exec=0x0 size=32
recv exec request 30: type=0 flags=0x0 env=0x11 exec=0x0 size=140
proc 0: got output: [480ms] exec opts: reqid=28 type=0 procid=0 threaded=0 cover=0 comps=0 dedup=0 signal=0  sandbox=1/0/0/0 timeouts=50/5000/1 kernel_64_bit=1
proc 0: got output: spawned worker pid 29
proc 0: got output: #0 [488ms] -> io_uring_enter(0xffffffffffffffff, 0x0, 0x0, 
proc 0: got output: 0x0, 0x200000000000, 0x0)
#0 [488ms] <- io_uring_enter=0xffffffffffffffff errno=9
proc 0: got execute reply
handle completion: completed=1 output_size=262144
proc 0: start executing request 29
proc 0: got output: [494ms] exec opts: reqid=29 type=0 procid=0 threaded=0 cover=0 comps=0 dedup=0 signal=0  sandbox=1/0/0/0 timeouts=50/5000/1 kernel_64_bit=1
proc 0: got output: spawned worker pid 30
proc 0: got output: #0 [502ms] -> rt_tgsigqueueinfo(0x0, 0x0, 0x0, 0x200000000000)
#0 [503ms] <- rt_tgsigqueueinfo=0xffffffffffffffff errno=22
proc 0: got execute reply
handle completion: completed=1 output_size=262144
proc 0: start executing request 30
proc 0: got output: [506ms] exec opts: reqid=30 type=0 procid=0 threaded=0 cover=0 comps=0 dedup=0 signal=0  sandbox=1/0/0/0 timeouts=50/5000/1 kernel_64_bit=1
proc 0: got output: spawned worker pid 31
proc 0: got output: #0 [510ms] -> connect(
proc 0: got output: 0xffffffffffffffff, 0x200000000000, 0x0)
#0 [510ms] <- connect=0xffffffffffffffff errno=9
proc 0: got execute reply
handle completion: completed=1 output_size=262144
recv exec request 31: type=0 flags=0x0 env=0x11 exec=0x0 size=17
proc 0: start executing request 31
recv exec request 32: type=0 flags=0x0 env=0x11 exec=0x0 size=10
proc 0: got output: [536ms] exec opts: reqid=31 type=0 procid=0 threaded=0 cover=0 comps=0 dedup=0 signal=0  sandbox=1/0/0/0 timeouts=50/5000/1 kernel_64_bit=1
proc 0: got output: spawned worker pid 32
recv exec request 33: type=0 flags=0x0 env=0x11 exec=0x0 size=27
proc 0: got output: #0 [541ms] -> io_uring_register$IORING_REGISTER_BUFFERS(0xffffffffffffffff
proc 0: got output: , 0x0, 0x200000000000, 0x0)
proc 0: got output: #0 [541ms] <- io_uring_register$IORING_REGISTER_BUFFERS=0xffffffffffffffff errno=9
proc 0: got execute reply
handle completion: completed=1 output_size=262144
proc 0: start executing request 32
proc 0: got output: [546ms] exec opts: reqid=32 type=0 procid=0 threaded=0 cover=0 comps=0 dedup=0 signal=0  sandbox=1/0/0/0 timeouts=50/5000/1 kernel_64_bit=1
proc 0: got output: spawned worker pid 33
proc 0: got output: #0 [551ms] -> removexattr(
proc 0: got output: 0x200000000000, 0x200000000000)
proc 0: got output: #0 [551ms] <- removexattr=0xffffffffffffffff errno=2
proc 0: got execute reply
handle completion: completed=1 output_size=262144
proc 0: start executing request 33
proc 0: got output: [558ms] exec opts: reqid=33 type=0 procid=0 threaded=0 cover=0 comps=0 dedup=0 signal=0  sandbox=1/0/0/0 timeouts=50/5000/1 kernel_64_bit=1
proc 0: got output: spawned worker pid 34
proc 0: got output: #0 [564ms] -> landlock_add_rule$LANDLOCK_RULE_NET_PORT(0xffffffffffffffff, 0x2, 0x200000000000, 
proc 0: got output: 0x0)
#0 [565ms] <- landlock_add_rule$LANDLOCK_RULE_NET_PORT=0xffffffffffffffff errno=38
proc 0: got execute reply
handle completion: completed=1 output_size=262144
recv exec request 34: type=0 flags=0x0 env=0x11 exec=0x0 size=17
proc 0: start executing request 34
recv exec request 35: type=0 flags=0x0 env=0x11 exec=0x0 size=18
proc 0: got output: [589ms] exec opts: reqid=34 type=0 procid=0 threaded=0 cover=0 comps=0 dedup=0 signal=0  sandbox=1/0/0/0 timeouts=50/5000/1 kernel_64_bit=1
recv exec request 36: type=0 flags=0x0 env=0x11 exec=0x0 size=56
proc 0: got output: spawned worker pid 35
proc 0: got output: #0 [594ms] -> munmap(0x0, 0x0
proc 0: got output: )
#0 [594ms] <- munmap=0xffffffffffffffff errno=22
proc 0: got execute reply
handle completion: completed=1 output_size=262144
proc 0: start executing request 35
proc 0: got output: [597ms] exec opts: reqid=35 type=0 procid=0 threaded=0 cover=0 comps=0 dedup=0 signal=0  sandbox=1/0/0/0 timeouts=50/5000/1 kernel_64_bit=1
proc 0: got output: spawned worker pid 36
proc 0: got output: #0 [600ms] -> getsockname(0xffffffffffffffff, 0x200000000000, 0x200000000000)
#0 [600ms] <- getsockname=0xffffffffffffffff errno=9
proc 0: got execute reply
handle completion: completed=1 output_size=262144
proc 0: start executing request 36
proc 0: got output: [603ms] exec opts: reqid=36 type=0 procid=0 threaded=0 cover=0 comps=0 dedup=0 signal=0  sandbox=1/0/0/0 timeouts=50/5000/1 kernel_64_bit=1
proc 0: got output: spawned worker pid 37
proc 0: got output: #0 [609ms] -> openat(0xffffffffffffff9c, 0x200000000040, 0x2, 0x0)
#0 [609ms] <- openat=0xffffffffffffffff errno=2
proc 0: got execute reply
handle completion: completed=1 output_size=262144
recv exec request 37: type=0 flags=0x0 env=0x11 exec=0x0 size=187
proc 0: start executing request 37
recv exec request 38: type=0 flags=0x0 env=0x11 exec=0x0 size=8
proc 0: got output: [641ms] exec opts: reqid=37 type=0 procid=0 threaded=0 cover=0 comps=0 dedup=0 signal=0  sandbox=1/0/0/0 timeouts=50/5000/1 kernel_64_bit=1
recv exec request 39: type=0 flags=0x0 env=0x11 exec=0x0 size=15
proc 0: got output: spawned worker pid 38
proc 0: got output: #0 [644ms] -> openat(0xffffffffffffff9c, 0x200000000040, 0x0, 0x0)
proc 0: got output: #0 [644ms] <- openat=0xffffffffffffffff errno=2
proc 0: got output: #0 [644ms] -> openat(0xffffffffffffff9c, 0x200000000080, 0x1, 0x0
proc 0: got output: )
proc 0: got output: #0 [645ms] <- openat=0xffffffffffffffff errno=2
#0 [645ms] -> openat(0xffffffffffffff9c, 0x2000000000c0, 0x2
proc 0: got output: , 0x0)
proc 0: got output: #0 [645ms] <- openat=0xffffffffffffffff errno=2
#0 [645ms] -> openat(0xffffffffffffff9c, 0x200000000100, 0x800, 0x0
proc 0: got output: )
proc 0: got output: #0 [645ms] <- openat=0xffffffffffffffff errno=2
proc 0: got execute reply
handle completion: completed=4 output_size=262144
proc 0: start executing request 38
proc 0: got output: [647ms] exec opts: reqid=38 type=0 procid=0 threaded=0 cover=0 comps=0 dedup=0 signal=0  sandbox=1/0/0/0 timeouts=50/5000/1 kernel_64_bit=1
proc 0: got output: spawned worker pid 39
proc 0: got output: #0 [649ms] -> times(0x200000000000)
proc 0: got output: #0 [650ms] <- times=0x19992e76
proc 0: got execute reply
handle completion: completed=1 output_size=262144
proc 0: start executing request 39
proc 0: got output: [652ms] exec opts: reqid=39 type=0 procid=0 threaded=0 cover=0 comps=0 dedup=0 signal=0  sandbox=1/0/0/0 timeouts=50/5000/1 kernel_64_bit=1
proc 0: got output: spawned worker pid 40
proc 0: got output: #0 [656ms] -> socket$unix(0x1, 0x1, 0x0)
proc 0: got output: #0 [657ms] <- socket$unix=0x3
proc 0: got execute reply
handle completion: completed=1 output_size=262144
recv exec request 40: type=0 flags=0x0 env=0x11 exec=0x0 size=56
proc 0: start executing request 40
recv exec request 41: type=0 flags=0x0 env=0x11 exec=0x0 size=6
proc 0: got output: [689ms] exec opts: reqid=40 type=0 procid=0 threaded=0 cover=0 comps=0 dedup=0 signal=0  sandbox=1/0/0/0 timeouts=50/5000/1 kernel_64_bit=1
recv exec request 42: type=0 flags=0x0 env=0x11 exec=0x0 size=44
proc 0: got output: spawned worker pid 41
proc 0: got output: #0 [694ms] -> openat(0xffffffffffffff9c, 0x200000000040, 0x2, 0x0)
proc 0: got output: #0 [695ms] <- openat=0x3
proc 0: got output: 
proc 0: got execute reply
handle completion: completed=1 output_size=262144
proc 0: start executing request 41
proc 0: got output: [699ms] exec opts: reqid=41 type=0 procid=0 threaded=0 cover=0 comps=0 dedup=0 signal=0  sandbox=1/0/0/0 timeouts=50/5000/1 kernel_64_bit=1
proc 0: got output: spawned worker pid 42
proc 0: got output: #0 [704ms] -> gettid(
proc 0: got output: )
#0 [704ms] <- gettid=0x2a
proc 0: got execute reply
handle completion: completed=1 output_size=262144
proc 0: start executing request 42
proc 0: got output: [708ms] exec opts: reqid=42 type=0 procid=0 threaded=0 cover=0 comps=0 dedup=0 signal=0  sandbox=1/0/0/0 timeouts=50/5000/1 kernel_64_bit=1
proc 0: got output: spawned worker pid 43
proc 0: got output: #0 [710ms] -> openat(0xffffffffffffff9c, 0x200000000040, 0x2, 0x0)
#0 [710ms] <- openat=0xffffffffffffffff errno=2
proc 0: got execute reply
handle completion: completed=1 output_size=262144
recv exec request 43: type=0 flags=0x0 env=0x11 exec=0x0 size=20
proc 0: start executing request 43
recv exec request 44: type=0 flags=0x0 env=0x11 exec=0x0 size=14
proc 0: got output: [742ms] exec opts: reqid=43 type=0 procid=0 threaded=0 cover=0 comps=0 dedup=0 signal=0  sandbox=1/0/0/0 timeouts=50/5000/1 kernel_64_bit=1
recv exec request 45: type=0 flags=0x0 env=0x11 exec=0x0 size=20
proc 0: got output: spawned worker pid 44
proc 0: got output: #0 [744ms] -> syslog(0x0, 0x0, 0x0)
#0 [744ms] <- syslog=0x0
proc 0: got execute reply
handle completion: completed=1 output_size=262144
proc 0: start executing request 44
proc 0: got output: [746ms] exec opts: reqid=44 type=0 procid=0 threaded=0 cover=0 comps=0 dedup=0 signal=0  sandbox=1/0/0/0 timeouts=50/5000/1 kernel_64_bit=1
proc 0: got output: spawned worker pid 45
proc 0: got output: #0 [747ms] -> getrandom(0x200000000000, 0x0
proc 0: got output: , 0x0)
#0 [747ms] <- getrandom=0x0
proc 0: got execute reply
handle completion: completed=1 output_size=262144
proc 0: start executing request 45
proc 0: got output: [749ms] exec opts: reqid=45 type=0 procid=0 threaded=0 cover=0 comps=0 dedup=0 signal=0  sandbox=1/0/0/0 timeouts=50/5000/1 kernel_64_bit=1
proc 0: got output: spawned worker pid 46
proc 0: got output: #0 [751ms] -> map_shadow_stack(0x0
proc 0: got output: , 0x0, 
proc 0: got output: 0x0)
proc 0: got output: #0 [751ms] <- map_shadow_stack=0xffffffffffffffff errno=38
proc 0: got output: 
proc 0: got execute reply
handle completion: completed=1 output_size=262144
recv exec request 46: type=0 flags=0x0 env=0x11 exec=0x0 size=179
proc 0: start executing request 46
recv exec request 47: type=0 flags=0x0 env=0x11 exec=0x0 size=867
proc 0: got output: [790ms] exec opts: reqid=46 type=0 procid=0 threaded=0 cover=0 comps=0 dedup=0 signal=0  sandbox=1/0/0/0 timeouts=50/5000/1 kernel_64_bit=1
recv exec request 48: type=0 flags=0x0 env=0x11 exec=0x0 size=9
proc 0: got output: spawned worker pid 47
proc 0: got output: #0 [792ms] -> openat(0xffffffffffffff9c
proc 0: got output: , 0x200000000040, 
proc 0: got output: 0x0, 0x0
proc 0: got output: )
proc 0: got output: #0 [793ms] <- openat=0x3
proc 0: got output: #0 [793ms] -> openat(0xffffffffffffff9c, 
proc 0: got output: 0x200000000080, 0x1
proc 0: got output: , 0x0
proc 0: got output: )
proc 0: got output: #0 [793ms] <- openat=0x4
#0 [793ms] -> openat(
proc 0: got output: 0xffffffffffffff9c, 
proc 0: got output: 0x2000000000c0, 0x2
proc 0: got output: , 0x0
proc 0: got output: )
proc 0: got output: #0 [793ms] <- openat=0x5
proc 0: got output: #0 [793ms] -> openat(0xffffffffffffff9c, 
proc 0: got output: 0x200000000100, 
proc 0: got output: 0x800, 
proc 0: got output: 0x0)
proc 0: got output: #0 [793ms] <- openat=0x6
proc 0: got execute reply
handle completion: completed=4 output_size=262144
proc 0: start executing request 47
proc 0: got output: [795ms] exec opts: reqid=47 type=0 procid=0 threaded=0 cover=0 comps=0 dedup=0 signal=0  sandbox=1/0/0/0 timeouts=50/5000/1 kernel_64_bit=1
proc 0: got output: spawned worker pid 48
proc 0: got output: #0 [797ms] -> syz_open_dev$sndhw(0x200000000040, 
proc 0: got output: 0x0, 0x0)
proc 0: got output: #0 [797ms] <- syz_open_dev$sndhw=0xffffffffffffffff errno=2
proc 0: got output: #0 [797ms] -> syz_open_dev$sndhw(0x200000000080, 0x0, 0x1
proc 0: got output: )
proc 0: got output: #0 [797ms] <- syz_open_dev$sndhw=0xffffffffffffffff errno=2
#0 [797ms] -> syz_open_dev$sndhw(0x2000000000c0, 0x0
proc 0: got output: , 0x2)
proc 0: got output: #0 [797ms] <- syz_open_dev$sndhw=0xffffffffffffffff errno=2
#0 [797ms] -> syz_open_dev$sndhw(0x200000000100
proc 0: got output: , 0x0, 0x800
proc 0: got output: )
proc 0: got output: #0 [797ms] <- syz_open_dev$sndhw=0xffffffffffffffff errno=2
#0 [797ms] -> syz_open_dev$sndhw(0x200000000140
proc 0: got output: , 0xa, 0x0
proc 0: got output: )
proc 0: got output: #0 [797ms] <- syz_open_dev$sndhw=0xffffffffffffffff errno=2
#0 [797ms] -> syz_open_dev$sndhw(
proc 0: got output: 0x200000000180, 0xa
proc 0: got output: , 0x1)
proc 0: got output: #0 [798ms] <- syz_open_dev$sndhw=0xffffffffffffffff errno=2
proc 0: got output: #0 [798ms] -> syz_open_dev$sndhw(0x2000000001c0, 0xa, 
proc 0: got output: 0x2)
proc 0: got output: #0 [798ms] <- syz_open_dev$sndhw=0xffffffffffffffff errno=2
#0 [798ms] -> syz_open_dev$sndhw(
proc 0: got output: 0x200000000200, 0xa, 
proc 0: got output: 0x800)
proc 0: got output: #0 [798ms] <- syz_open_dev$sndhw=0xffffffffffffffff errno=2
proc 0: got output: #0 [798ms] -> syz_open_dev$sndhw(0x200000000240, 0x14
proc 0: got output: , 0x0)
proc 0: got output: #0 [798ms] <- syz_open_dev$sndhw=0xffffffffffffffff
proc 0: got output:  errno=2
#0 [798ms] -> syz_open_dev$sndhw(0x200000000280
proc 0: got output: , 0x14, 0x1
proc 0: got output: )
proc 0: got output: #0 [798ms] <- syz_open_dev$sndhw=0xffffffffffffffff errno=2
#0 [798ms] -> syz_open_dev$sndhw(
proc 0: got output: 0x2000000002c0, 0x14, 
proc 0: got output: 0x2
proc 0: got output: )
proc 0: got output: #0 [798ms] <- syz_open_dev$sndhw=0xffffffffffffffff errno=2
#0 [798ms] -> syz_open_dev$sndhw(
proc 0: got output: 0x200000000300, 0x14
proc 0: got output: , 0x800)
proc 0: got output: #0 [799ms] <- syz_open_dev$sndhw=0xffffffffffffffff errno=2
#0 [799ms] -> syz_open_dev$sndhw(
proc 0: got output: 0x200000000340, 0x1e, 0x0)
proc 0: got output: #0 [799ms] <- syz_open_dev$sndhw=0xffffffffffffffff errno=2
#0 [799ms] -> syz_open_dev$sndhw(
proc 0: got output: 0x200000000380, 0x1e, 
proc 0: got output: 0x1)
proc 0: got output: #0 [799ms] <- syz_open_dev$sndhw=0xffffffffffffffff errno=2
#0 [799ms] -> syz_open_dev$sndhw(
proc 0: got output: 0x2000000003c0, 0x1e, 
proc 0: got output: 0x2)
proc 0: got output: #0 [799ms] <- syz_open_dev$sndhw=0xffffffffffffffff errno=2
#0 [799ms] -> syz_open_dev$sndhw(0x200000000400
proc 0: got output: , 0x1e, 0x800
proc 0: got output: )
proc 0: got output: #0 [799ms] <- syz_open_dev$sndhw=0xffffffffffffffff errno=2
#0 [799ms] -> syz_open_dev$sndhw(0x200000000440
proc 0: got output: , 0x28, 0x0
proc 0: got output: )
proc 0: got output: #0 [800ms] <- syz_open_dev$sndhw=0xffffffffffffffff errno=2
proc 0: got output: #0 [800ms] -> syz_open_dev$sndhw(0x200000000480, 0x28, 
proc 0: got output: 0x1)
proc 0: got output: #0 [800ms] <- syz_open_dev$sndhw=0xffffffffffffffff errno=2
#0 [800ms] -> syz_open_dev$sndhw(
proc 0: got output: 0x2000000004c0, 0x28, 
proc 0: got output: 0x2)
proc 0: got output: #0 [800ms] <- syz_open_dev$sndhw=0xffffffffffffffff errno=2
#0 [800ms] -> syz_open_dev$sndhw(
proc 0: got output: 0x200000000500, 0x28, 
proc 0: got output: 0x800)
proc 0: got output: #0 [800ms] <- syz_open_dev$sndhw=0xffffffffffffffff errno=2
proc 0: got execute reply
handle completion: completed=20 output_size=262144
proc 0: start executing request 48
proc 0: got output: [802ms] exec opts: reqid=48 type=0 procid=0 threaded=0 cover=0 comps=0 dedup=0 signal=0  sandbox=1/0/0/0 timeouts=50/5000/1 kernel_64_bit=1
proc 0: got output: spawned worker pid 49
proc 0: got output: #0 [804ms] -> close(
proc 0: got output: 0xffffffffffffffff)
#0 [805ms] <- close=0xffffffffffffffff
proc 0: got output:  errno=9
proc 0: got execute reply
handle completion: completed=1 output_size=262144
recv exec request 49: type=0 flags=0x0 env=0x11 exec=0x0 size=39
proc 0: start executing request 49
recv exec request 50: type=0 flags=0x0 env=0x11 exec=0x0 size=140
proc 0: got output: [838ms] exec opts: reqid=49 type=0 procid=0 threaded=0 cover=0 comps=0 dedup=0 signal=0  sandbox=1/0/0/0 timeouts=50/5000/1 kernel_64_bit=1
recv exec request 51: type=0 flags=0x0 env=0x11 exec=0x0 size=23
proc 0: got output: spawned worker pid 50
proc 0: got output: #0 [840ms] -> setitimer(0x0, 0x200000000000, 0x0)
proc 0: got output: #0 [840ms] <- setitimer=0x0
proc 0: got execute reply
handle completion: completed=1 output_size=262144
proc 0: start executing request 50
proc 0: got output: [842ms] exec opts: reqid=50 type=0 procid=0 threaded=0 cover=0 comps=0 dedup=0 signal=0  sandbox=1/0/0/0 timeouts=50/5000/1 kernel_64_bit=1
proc 0: got output: spawned worker pid 51
proc 0: got output: #0 [845ms] -> bind(0xffffffffffffffff, 
proc 0: got output: 0x200000000000, 0x0)
#0 [845ms] <- bind=0xffffffffffffffff errno=9
proc 0: got output: 
proc 0: got execute reply
handle completion: completed=1 output_size=262144
proc 0: start executing request 51
proc 0: got output: [846ms] exec opts: reqid=51 type=0 procid=0 threaded=0 cover=0 comps=0 dedup=0 signal=0  sandbox=1/0/0/0 timeouts=50/5000/1 kernel_64_bit=1
proc 0: got output: spawned worker pid 52
proc 0: got output: #0 [849ms] -> pwritev2(0xffffffffffffffff, 0x200000000000, 0x0, 
proc 0: got output: 0x0, 0x0, 0x0)
#0 [849ms] <- pwritev2=0xffffffffffffffff errno=9
proc 0: got output: 
proc 0: got execute reply
handle completion: completed=1 output_size=262144
recv exec request 52: type=0 flags=0x0 env=0x11 exec=0x0 size=159
proc 0: start executing request 52
recv exec request 53: type=0 flags=0x0 env=0x11 exec=0x0 size=21
proc 0: got output: [884ms] exec opts: reqid=52 type=0 procid=0 threaded=0 cover=0 comps=0 dedup=0 signal=0  sandbox=1/0/0/0 timeouts=50/5000/1 kernel_64_bit=1
recv exec request 54: type=0 flags=0x0 env=0x11 exec=0x0 size=17
proc 0: got output: spawned worker pid 53
proc 0: got output: #0 [888ms] -> openat(0xffffffffffffff9c, 0x200000000040, 0x0, 0x0)
proc 0: got output: #0 [889ms] <- openat=0xffffffffffffffff errno=6
proc 0: got output: #0 [889ms] -> openat(0xffffffffffffff9c, 0x200000000080, 
proc 0: got output: 0x1, 0x0)
proc 0: got output: #0 [889ms] <- openat=0xffffffffffffffff errno=6
#0 [889ms] -> openat(0xffffffffffffff9c
proc 0: got output: , 0x2000000000c0, 0x2, 
proc 0: got output: 0x0)
proc 0: got output: #0 [889ms] <- openat=0xffffffffffffffff errno=6
#0 [889ms] -> openat(
proc 0: got output: 0xffffffffffffff9c, 0x200000000100, 
proc 0: got output: 0x800, 0x0)
proc 0: got output: #0 [889ms] <- openat=0xffffffffffffffff errno=6
proc 0: got execute reply
handle completion: completed=4 output_size=262144
proc 0: start executing request 53
proc 0: got output: [892ms] exec opts: reqid=53 type=0 procid=0 threaded=0 cover=0 comps=0 dedup=0 signal=0  sandbox=1/0/0/0 timeouts=50/5000/1 kernel_64_bit=1
proc 0: got output: spawned worker pid 54
proc 0: got output: #0 [898ms] -> kcmp(0x0, 0x0, 
proc 0: got output: 0x0, 0xffffffffffffffff, 0xffffffffffffffff)
#0 [898ms] <- kcmp=0xffffffffffffffff errno=3
proc 0: got output: 
proc 0: got execute reply
handle completion: completed=1 output_size=262144
proc 0: start executing request 54
proc 0: got output: [904ms] exec opts: reqid=54 type=0 procid=0 threaded=0 cover=0 comps=0 dedup=0 signal=0  sandbox=1/0/0/0 timeouts=50/5000/1 kernel_64_bit=1
proc 0: got output: spawned worker pid 55
proc 0: got output: #0 [911ms] -> mknodat(0xffffffffffffffff, 0x200000000000
proc 0: got output: , 0x0, 0x0)
proc 0: got output: #0 [911ms] <- mknodat=0xffffffffffffffff errno=2
proc 0: got execute reply
handle completion: completed=1 output_size=262144
recv exec request 55: type=0 flags=0x0 env=0x11 exec=0x0 size=25
proc 0: start executing request 55
recv exec request 56: type=0 flags=0x0 env=0x11 exec=0x0 size=219
proc 0: got output: [934ms] exec opts: reqid=55 type=0 procid=0 threaded=0 cover=0 comps=0 dedup=0 signal=0  sandbox=1/0/0/0 timeouts=50/5000/1 kernel_64_bit=1
recv exec request 57: type=0 flags=0x0 env=0x11 exec=0x0 size=70
proc 0: got output: spawned worker pid 56
proc 0: got output: #0 [941ms] -> recvmmsg(0xffffffffffffffff, 
proc 0: got output: 0x200000000000, 0x0, 0x0, 0x0)
#0 [941ms] <- recvmmsg=0xffffffffffffffff errno=9
proc 0: got execute reply
handle completion: completed=1 output_size=262144
proc 0: start executing request 56
proc 0: got output: [945ms] exec opts: reqid=56 type=0 procid=0 threaded=0 cover=0 comps=0 dedup=0 signal=0  sandbox=1/0/0/0 timeouts=50/5000/1 kernel_64_bit=1
proc 0: got output: spawned worker pid 57
proc 0: got output: #0 [948ms] -> openat(0xffffffffffffff9c, 0x200000000040, 0x0, 0x0)
#0 [949ms] <- openat=0xffffffffffffffff errno=2
proc 0: got output: #0 [949ms] -> openat(0xffffffffffffff9c, 0x200000000080, 0x1, 0x0)
proc 0: got output: #0 [949ms] <- openat=0xffffffffffffffff errno=2
#0 [949ms] -> openat(0xffffffffffffff9c, 0x2000000000c0, 0x2, 0x0)
#0 [949ms] <- openat=0xffffffffffffffff errno=2
#0 [949ms] -> openat(0xffffffffffffff9c, 0x200000000100, 0x800
proc 0: got output: , 0x0)
proc 0: got output: #0 [950ms] <- openat=0xffffffffffffffff errno=2
proc 0: got execute reply
handle completion: completed=4 output_size=262144
proc 0: start executing request 57
proc 0: got output: [952ms] exec opts: reqid=57 type=0 procid=0 threaded=0 cover=0 comps=0 dedup=0 signal=0  sandbox=1/0/0/0 timeouts=50/5000/1 kernel_64_bit=1
proc 0: got output: spawned worker pid 58
proc 0: got output: #0 [954ms] -> clone3(0x200000000000, 0x0)
#0 [954ms] <- clone3=0xffffffffffffffff errno=22
proc 0: got output: #0 [954ms] -> exit(0x0)
proc 0: got execute reply
handle completion: completed=1 output_size=262144
recv exec request 58: type=0 flags=0x0 env=0x11 exec=0x0 size=14
proc 0: start executing request 58
recv exec request 59: type=0 flags=0x0 env=0x11 exec=0x0 size=15
proc 0: got output: [989ms] exec opts: reqid=58 type=0 procid=0 threaded=0 cover=0 comps=0 dedup=0 signal=0  sandbox=1/0/0/0 timeouts=50/5000/1 kernel_64_bit=1
recv exec request 60: type=0 flags=0x0 env=0x11 exec=0x0 size=55
proc 0: got output: spawned worker pid 59
proc 0: got output: #0 [993ms] -> shmctl$IPC_INFO(
proc 0: got output: 0x0, 0x3, 0x200000000000)
proc 0: got output: #0 [993ms] <- shmctl$IPC_INFO=0x0
proc 0: got execute reply
handle completion: completed=1 output_size=262144
proc 0: start executing request 59
proc 0: got output: [996ms] exec opts: reqid=59 type=0 procid=0 threaded=0 cover=0 comps=0 dedup=0 signal=0  sandbox=1/0/0/0 timeouts=50/5000/1 kernel_64_bit=1
proc 0: got output: spawned worker pid 60
proc 0: got output: #0 [999ms] -> socket(0x10, 0x3, 0x10)
proc 0: got output: #0 [999ms] <- socket=0x3
proc 0: got execute reply
handle completion: completed=1 output_size=262144
proc 0: start executing request 60
proc 0: got output: [1002ms] exec opts: reqid=60 type=0 procid=0 threaded=0 cover=0 comps=0 dedup=0 signal=0  sandbox=1/0/0/0 timeouts=50/5000/1 kernel_64_bit=1
proc 0: got output: spawned worker pid 61
proc 0: got output: #0 [1007ms] -> openat(0xffffffffffffff9c, 0x200000000040
proc 0: got output: , 0x1, 0x0)
proc 0: got output: #0 [1008ms] <- openat=0xffffffffffffffff errno=2
proc 0: got execute reply
handle completion: completed=1 output_size=262144
recv exec request 61: type=0 flags=0x0 env=0x11 exec=0x0 size=14
proc 0: start executing request 61
recv exec request 62: type=0 flags=0x0 env=0x11 exec=0x0 size=17
proc 0: got output: [1038ms] exec opts: reqid=61 type=0 procid=0 threaded=0 cover=0 comps=0 dedup=0 signal=0  sandbox=1/0/0/0 timeouts=50/5000/1 kernel_64_bit=1
recv exec request 63: type=0 flags=0x0 env=0x11 exec=0x0 size=12
proc 0: got output: spawned worker pid 62
proc 0: got output: #0 [1042ms] -> chown(0x200000000000, 0x0, 0x0)
proc 0: got output: #0 [1042ms] <- chown=0xffffffffffffffff errno=2
proc 0: got execute reply
handle completion: completed=1 output_size=262144
proc 0: start executing request 62
proc 0: got output: [1045ms] exec opts: reqid=62 type=0 procid=0 threaded=0 cover=0 comps=0 dedup=0 signal=0  sandbox=1/0/0/0 timeouts=50/5000/1 kernel_64_bit=1
proc 0: got output: spawned worker pid 63
proc 0: got output: #0 [1049ms] -> semctl$GETALL(0x0, 0x0, 
proc 0: got output: 0xd, 0x200000000000)
#0 [1049ms] <- semctl$GETALL=0xffffffffffffffff errno=22
proc 0: got output: 
proc 0: got execute reply
handle completion: completed=1 output_size=262144
proc 0: start executing request 63
proc 0: got output: [1052ms] exec opts: reqid=63 type=0 procid=0 threaded=0 cover=0 comps=0 dedup=0 signal=0  sandbox=1/0/0/0 timeouts=50/5000/1 kernel_64_bit=1
proc 0: got output: spawned worker pid 64
proc 0: got output: #0 [1054ms] -> fanotify_init(0x0, 0x0)
#0 [1054ms] <- fanotify_init=0xffffffffffffffff errno=38
proc 0: got execute reply
handle completion: completed=1 output_size=262144
recv exec request 64: type=0 flags=0x0 env=0x11 exec=0x0 size=63
proc 0: start executing request 64
recv exec request 65: type=0 flags=0x0 env=0x11 exec=0x0 size=48
proc 0: got output: [1087ms] exec opts: reqid=64 type=0 procid=0 threaded=0 cover=0 comps=0 dedup=0 signal=0  sandbox=1/0/0/0 timeouts=50/5000/1 kernel_64_bit=1
recv exec request 66: type=0 flags=0x0 env=0x11 exec=0x0 size=25
proc 0: got output: spawned worker pid 65
proc 0: got output: #0 [1090ms] -> openat(0xffffffffffffff9c, 0x200000000040, 0x2, 0x0)
proc 0: got output: #0 [1091ms] <- openat=0xffffffffffffffff errno=2
proc 0: got execute reply
handle completion: completed=1 output_size=262144
proc 0: start executing request 65
proc 0: got output: [1093ms] exec opts: reqid=65 type=0 procid=0 threaded=0 cover=0 comps=0 dedup=0 signal=0  sandbox=1/0/0/0 timeouts=50/5000/1 kernel_64_bit=1
proc 0: got output: spawned worker pid 66
proc 0: got output: #0 [1095ms] -> openat(0xffffffffffffff9c, 0x200000000040, 0x2, 0x0)
proc 0: got output: #0 [1095ms] <- openat=0x3
proc 0: got execute reply
handle completion: completed=1 output_size=262144
proc 0: start executing request 66
proc 0: got output: [1097ms] exec opts: reqid=66 type=0 procid=0 threaded=0 cover=0 comps=0 dedup=0 signal=0  sandbox=1/0/0/0 timeouts=50/5000/1 kernel_64_bit=1
proc 0: got output: spawned worker pid 67
proc 0: got output: #0 [1100ms] -> mq_timedreceive(0xffffffffffffffff, 0x200000000000
proc 0: got output: , 0x0, 
proc 0: got output: 0x0, 
proc 0: got output: 0x0)
proc 0: got output: #0 [1100ms] <- mq_timedreceive=0xffffffffffffffff errno=9
proc 0: got execute reply
handle completion: completed=1 output_size=262144
recv exec request 67: type=0 flags=0x0 env=0x11 exec=0x0 size=28
proc 0: start executing request 67
recv exec request 68: type=0 flags=0x0 env=0x11 exec=0x0 size=41
proc 0: got output: [1136ms] exec opts: reqid=67 type=0 procid=0 threaded=0 cover=0 comps=0 dedup=0 signal=0  sandbox=1/0/0/0 timeouts=50/5000/1 kernel_64_bit=1
recv exec request 69: type=0 flags=0x0 env=0x11 exec=0x0 size=887
proc 0: got output: spawned worker pid 68
proc 0: got output: #0 [1139ms] -> sendto(0xffffffffffffffff, 0x200000000000, 0x0, 0x0, 0x0, 0x0)
#0 [1139ms] <- sendto=0xffffffffffffffff errno=9
proc 0: got execute reply
handle completion: completed=1 output_size=262144
proc 0: start executing request 68
proc 0: got output: [1142ms] exec opts: reqid=68 type=0 procid=0 threaded=0 cover=0 comps=0 dedup=0 signal=0  sandbox=1/0/0/0 timeouts=50/5000/1 kernel_64_bit=1
proc 0: got output: spawned worker pid 69
proc 0: got output: #0 [1145ms] -> request_key(0x200000000000, 0x200000000000, 0x200000000000, 0x0)
#0 [1145ms] <- request_key=0xffffffffffffffff errno=126
proc 0: got execute reply
handle completion: completed=1 output_size=262144
proc 0: start executing request 69
proc 0: got output: [1147ms] exec opts: reqid=69 type=0 procid=0 threaded=0 cover=0 comps=0 dedup=0 signal=0  sandbox=1/0/0/0 timeouts=50/5000/1 kernel_64_bit=1
proc 0: got output: spawned worker pid 70
proc 0: got output: #0 [1150ms] -> syz_open_dev$video4linux(0x200000000040, 0x0, 0x0)
proc 0: got output: #0 [1150ms] <- syz_open_dev$video4linux=0xffffffffffffffff errno=2
proc 0: got output: #0 [1150ms] -> syz_open_dev$video4linux(0x200000000080, 0x0, 0x1)
proc 0: got output: #0 [1150ms] <- syz_open_dev$video4linux=0xffffffffffffffff errno=2
#0 [1150ms] -> syz_open_dev$video4linux(0x2000000000c0, 0x0, 0x2
proc 0: got output: )
proc 0: got output: #0 [1150ms] <- syz_open_dev$video4linux=0xffffffffffffffff errno=2
#0 [1150ms] -> syz_open_dev$video4linux(0x200000000100, 0x0, 
proc 0: got output: 0x800)
proc 0: got output: #0 [1150ms] <- syz_open_dev$video4linux=0xffffffffffffffff errno=2
#0 [1150ms] -> syz_open_dev$video4linux(0x200000000140, 0x1, 
proc 0: got output: 0x0)
proc 0: got output: #0 [1150ms] <- syz_open_dev$video4linux=0xffffffffffffffff errno=2
#0 [1150ms] -> syz_open_dev$video4linux(0x200000000180, 0x1
proc 0: got output: , 0x1)
proc 0: got output: #0 [1150ms] <- syz_open_dev$video4linux=0xffffffffffffffff errno=2
#0 [1150ms] -> syz_open_dev$video4linux(0x2000000001c0, 0x1, 
